Archive member included to satisfy reference by file (symbol)

ym/mbed-drivers/source/mbed-drivers.a(retarget.cpp.o)
                              /usr/local/Cellar/arm-none-eabi-gcc/5.0-2016-q1-update/bin/../lib/gcc/arm-none-eabi/5.3.1/../../../../arm-none-eabi/lib/armv6-m/crt0.o (__wrap_main)
ym/mbed-drivers/source/mbed-drivers.a(Serial.cpp.o)
                              ym/mbed-drivers/source/mbed-drivers.a(retarget.cpp.o) (mbed::Serial::Serial(PinName, PinName, char const*))
ym/mbed-drivers/source/mbed-drivers.a(Stream.cpp.o)
                              ym/mbed-drivers/source/mbed-drivers.a(Serial.cpp.o) (mbed::Stream::write(void const*, unsigned int))
ym/mbed-drivers/source/mbed-drivers.a(SerialBase.cpp.o)
                              ym/mbed-drivers/source/mbed-drivers.a(Serial.cpp.o) (mbed::SerialBase::SerialBase(PinName, PinName))
ym/mbed-drivers/source/mbed-drivers.a(error.c.o)
                              ym/mbed-drivers/source/mbed-drivers.a(retarget.cpp.o) (error)
ym/mbed-drivers/source/mbed-drivers.a(FileLike.cpp.o)
                              ym/mbed-drivers/source/mbed-drivers.a(Stream.cpp.o) (mbed::FileLike::FileLike(char const*))
ym/mbed-drivers/source/mbed-drivers.a(gpio.c.o)
                              source/CMakeFiles/blinky.dir/Users/jax/Documents/Developer/SmartCar/mbed/playground/blinky/source/app.cpp.o (gpio_init_out_ex)
ym/mbed-drivers/source/mbed-drivers.a(FilePath.cpp.o)
                              ym/mbed-drivers/source/mbed-drivers.a(retarget.cpp.o) (mbed::FilePath::FilePath(char const*))
ym/mbed-drivers/source/mbed-drivers.a(FileSystemLike.cpp.o)
                              ym/mbed-drivers/source/mbed-drivers.a(retarget.cpp.o) (mbed::FileSystemLike::opendir())
ym/mbed-drivers/source/mbed-drivers.a(exit.c.o)
                              /usr/local/Cellar/arm-none-eabi-gcc/5.0-2016-q1-update/bin/../lib/gcc/arm-none-eabi/5.3.1/../../../../arm-none-eabi/lib/armv6-m/crt0.o (exit)
ym/mbed-drivers/source/mbed-drivers.a(wait_api.c.o)
                              ym/mbed-drivers/source/mbed-drivers.a(SerialBase.cpp.o) (wait_us)
ym/mbed-drivers/source/mbed-drivers.a(board.c.o)
                              ym/mbed-drivers/source/mbed-drivers.a(exit.c.o) (mbed_die)
ym/mbed-drivers/source/mbed-drivers.a(FileBase.cpp.o)
                              ym/mbed-drivers/source/mbed-drivers.a(FileLike.cpp.o) (mbed::FileBase::~FileBase())
ym/ble/source/ble.a(BLE.cpp.o)
                              source/CMakeFiles/blinky.dir/Users/jax/Documents/Developer/SmartCar/mbed/playground/blinky/source/app.cpp.o (BLE::initImplementation(FunctionPointerWithContext<BLE::InitializationCompleteCallbackContext*>))
ym/ble-nrf51822/source/ble-nrf51822.a(nRF5xn.cpp.o)
                              ym/ble/source/ble.a(BLE.cpp.o) (createBLEInstance())
ym/ble-nrf51822/source/ble-nrf51822.a(btle_security.cpp.o)
                              ym/ble-nrf51822/source/ble-nrf51822.a(nRF5xn.cpp.o) (btle_initializeSecurity(bool, bool, SecurityManager::SecurityIOCapabilities_t, unsigned char const*))
ym/ble-nrf51822/source/ble-nrf51822.a(nRF5xGattServer.cpp.o)
                              ym/ble-nrf51822/source/ble-nrf51822.a(nRF5xn.cpp.o) (vtable for nRF5xGattServer)
ym/ble-nrf51822/source/ble-nrf51822.a(custom_helper.cpp.o)
                              ym/ble-nrf51822/source/ble-nrf51822.a(nRF5xGattServer.cpp.o) (custom_convert_to_nordic_uuid)
ym/ble-nrf51822/source/ble-nrf51822.a(nRF5xCharacteristicDescriptorDiscoverer.cpp.o)
                              ym/ble-nrf51822/source/ble-nrf51822.a(nRF5xn.cpp.o) (nRF5xCharacteristicDescriptorDiscoverer::nRF5xCharacteristicDescriptorDiscoverer())
ym/ble-nrf51822/source/ble-nrf51822.a(nRF5xGap.cpp.o)
                              ym/ble-nrf51822/source/ble-nrf51822.a(nRF5xn.cpp.o) (nRF5xGap::reset())
ym/ble-nrf51822/source/ble-nrf51822.a(nRF5xGattClient.cpp.o)
                              ym/ble-nrf51822/source/ble-nrf51822.a(nRF5xn.cpp.o) (vtable for nRF5xGattClient)
ym/ble-nrf51822/source/ble-nrf51822.a(btle.cpp.o)
                              ym/ble-nrf51822/source/ble-nrf51822.a(nRF5xn.cpp.o) (btle_init)
ym/ble-nrf51822/source/ble-nrf51822.a(btle_gap.cpp.o)
                              ym/ble-nrf51822/source/ble-nrf51822.a(btle.cpp.o) (btle_gap_init())
ym/ble-nrf51822/source/ble-nrf51822.a(btle_discovery.cpp.o)
                              ym/ble-nrf51822/source/ble-nrf51822.a(btle.cpp.o) (bleGattcEventHandler(ble_evt_t const*))
ym/ble-nrf51822/source/ble-nrf51822.a(nRF5xServiceDiscovery.cpp.o)
                              ym/ble-nrf51822/source/ble-nrf51822.a(btle_discovery.cpp.o) (nRF5xServiceDiscovery::setupDiscoveredServices(ble_gattc_evt_prim_srvc_disc_rsp_t const*))
ym/ble-nrf51822/source/ble-nrf51822.a(nRF5xDiscoveredCharacteristic.cpp.o)
[...]
Memory Configuration

Name             Origin             Length             Attributes
FLASH            0x000000000001c000 0x0000000000024000 xr
RAM              0x0000000020002800 0x0000000000001800 xrw
*default*        0x0000000000000000 0xffffffffffffffff

Linker script and memory map

LOAD /usr/local/Cellar/arm-none-eabi-gcc/5.0-2016-q1-update/bin/../lib/gcc/arm-none-eabi/5.3.1/armv6-m/crti.o
LOAD /usr/local/Cellar/arm-none-eabi-gcc/5.0-2016-q1-update/bin/../lib/gcc/arm-none-eabi/5.3.1/armv6-m/crtbegin.o
LOAD /usr/local/Cellar/arm-none-eabi-gcc/5.0-2016-q1-update/bin/../lib/gcc/arm-none-eabi/5.3.1/../../../../arm-none-eabi/lib/armv6-m/crt0.o
START GROUP
LOAD source/CMakeFiles/blinky.dir/Users/jax/Documents/Developer/SmartCar/mbed/playground/blinky/source/app.cpp.o
LOAD ym/mbed-drivers/source/mbed-drivers.a
LOAD ym/ble/source/ble.a
LOAD ym/ble-nrf51822/source/ble-nrf51822.a
LOAD ym/ble/source/ble.a
LOAD ym/ble-nrf51822/source/ble-nrf51822.a
LOAD ym/mbed-drivers/source/mbed-drivers.a
LOAD ym/mbed-hal/source/mbed-hal.a
LOAD ym/cmsis-core/source/cmsis-core.a
LOAD ym/minar/source/minar.a
LOAD ym/core-util/source/core-util.a
LOAD ym/mbed-hal-nordic/yotta_dummy_lib_mbed_hal_nordic/mbed-hal-nordic.a
LOAD ym/cmsis-core-nordic/yotta_dummy_lib_cmsis_core_nordic/cmsis-core-nordic.a
LOAD ym/minar-platform/yotta_dummy_lib_minar_platform/minar-platform.a
LOAD ym/nrf51-sdk/source/nrf51-sdk.a
LOAD ym/mbed-hal-nrf51822-mcu/existing/mbed-hal-nrf51822-mcu.a
LOAD ym/cmsis-core-nrf51822/source/cmsis-core-nrf51822.a
LOAD ym/minar-platform-mbed/source/minar-platform-mbed.a
LOAD ym/mbed-hal-mkit/source/mbed-hal-mkit.a
LOAD ym/mbed-drivers/source/mbed-drivers.a
LOAD ym/mbed-hal/source/mbed-hal.a
LOAD ym/cmsis-core/source/cmsis-core.a
LOAD ym/minar/source/minar.a
LOAD ym/core-util/source/core-util.a
LOAD ym/mbed-hal-nordic/yotta_dummy_lib_mbed_hal_nordic/mbed-hal-nordic.a
LOAD ym/cmsis-core-nordic/yotta_dummy_lib_cmsis_core_nordic/cmsis-core-nordic.a
LOAD ym/minar-platform/yotta_dummy_lib_minar_platform/minar-platform.a
LOAD ym/nrf51-sdk/source/nrf51-sdk.a
LOAD ym/mbed-hal-nrf51822-mcu/existing/mbed-hal-nrf51822-mcu.a
LOAD ym/cmsis-core-nrf51822/source/cmsis-core-nrf51822.a
LOAD ym/minar-platform-mbed/source/minar-platform-mbed.a
LOAD ym/mbed-hal-mkit/source/mbed-hal-mkit.a
LOAD ym/compiler-polyfill/yotta_dummy_lib_compiler_polyfill/compiler-polyfill.a
LOAD ym/ualloc/source/ualloc.a
LOAD ym/dlmalloc/source/dlmalloc.a
LOAD ym/greentea-client/source/greentea-client.a
LOAD /usr/local/Cellar/arm-none-eabi-gcc/5.0-2016-q1-update/bin/../lib/gcc/arm-none-eabi/5.3.1/../../../../arm-none-eabi/lib/armv6-m/libstdc++_nano.a
LOAD /usr/local/Cellar/arm-none-eabi-gcc/5.0-2016-q1-update/bin/../lib/gcc/arm-none-eabi/5.3.1/../../../../arm-none-eabi/lib/armv6-m/libsupc++_nano.a
LOAD /usr/local/Cellar/arm-none-eabi-gcc/5.0-2016-q1-update/bin/../lib/gcc/arm-none-eabi/5.3.1/armv6-m/libgcc.a
LOAD /usr/local/Cellar/arm-none-eabi-gcc/5.0-2016-q1-update/bin/../lib/gcc/arm-none-eabi/5.3.1/../../../../arm-none-eabi/lib/armv6-m/libstdc++_nano.a
LOAD /usr/local/Cellar/arm-none-eabi-gcc/5.0-2016-q1-update/bin/../lib/gcc/arm-none-eabi/5.3.1/../../../../arm-none-eabi/lib/armv6-m/libsupc++_nano.a
LOAD /usr/local/Cellar/arm-none-eabi-gcc/5.0-2016-q1-update/bin/../lib/gcc/arm-none-eabi/5.3.1/../../../../arm-none-eabi/lib/armv6-m/libm.a
LOAD /usr/local/Cellar/arm-none-eabi-gcc/5.0-2016-q1-update/bin/../lib/gcc/arm-none-eabi/5.3.1/../../../../arm-none-eabi/lib/armv6-m/libc_nano.a
LOAD /usr/local/Cellar/arm-none-eabi-gcc/5.0-2016-q1-update/bin/../lib/gcc/arm-none-eabi/5.3.1/armv6-m/libgcc.a
END GROUP
LOAD /usr/local/Cellar/arm-none-eabi-gcc/5.0-2016-q1-update/bin/../lib/gcc/arm-none-eabi/5.3.1/../../../../arm-none-eabi/lib/armv6-m/libstdc++_nano.a
LOAD /usr/local/Cellar/arm-none-eabi-gcc/5.0-2016-q1-update/bin/../lib/gcc/arm-none-eabi/5.3.1/../../../../arm-none-eabi/lib/armv6-m/libm.a
LOAD /usr/local/Cellar/arm-none-eabi-gcc/5.0-2016-q1-update/bin/../lib/gcc/arm-none-eabi/5.3.1/../../../../arm-none-eabi/lib/armv6-m/libc_nano.a
START GROUP
LOAD /usr/local/Cellar/arm-none-eabi-gcc/5.0-2016-q1-update/bin/../lib/gcc/arm-none-eabi/5.3.1/armv6-m/libgcc.a
LOAD /usr/local/Cellar/arm-none-eabi-gcc/5.0-2016-q1-update/bin/../lib/gcc/arm-none-eabi/5.3.1/../../../../arm-none-eabi/lib/armv6-m/libc_nano.a
END GROUP
START GROUP
LOAD /usr/local/Cellar/arm-none-eabi-gcc/5.0-2016-q1-update/bin/../lib/gcc/arm-none-eabi/5.3.1/armv6-m/libgcc.a
LOAD /usr/local/Cellar/arm-none-eabi-gcc/5.0-2016-q1-update/bin/../lib/gcc/arm-none-eabi/5.3.1/../../../../arm-none-eabi/lib/armv6-m/libc_nano.a
END GROUP
LOAD /usr/local/Cellar/arm-none-eabi-gcc/5.0-2016-q1-update/bin/../lib/gcc/arm-none-eabi/5.3.1/armv6-m/crtend.o
LOAD /usr/local/Cellar/arm-none-eabi-gcc/5.0-2016-q1-update/bin/../lib/gcc/arm-none-eabi/5.3.1/armv6-m/crtn.o

.text           0x000000000001c000     0xd15c
 *(SORT(.Vectors))
 .Vectors       0x000000000001c000       0xc0 ym/mbed-hal-nrf51822-mcu/existing/mbed-hal-nrf51822-mcu.a(startup_nRF51822.S.obj)
                0x000000000001c000                __Vectors
 *(SORT(.text*))
 .text          0x000000000001c0c0       0x60 /usr/local/Cellar/arm-none-eabi-gcc/5.0-2016-q1-update/bin/../lib/gcc/arm-none-eabi/5.3.1/armv6-m/crtbegin.o
 .text          0x000000000001c120       0x78 /usr/local/Cellar/arm-none-eabi-gcc/5.0-2016-q1-update/bin/../lib/gcc/arm-none-eabi/5.3.1/../../../../arm-none-eabi/lib/armv6-m/crt0.o
                0x000000000001c120                _mainCRTStartup
                0x000000000001c120                _start
 .text._ZN4mbed4util19FunctionPointerBindIvED2Ev
                0x000000000001c198       0x18 source/CMakeFiles/blinky.dir/Users/jax/Documents/Developer/SmartCar/mbed/playground/blinky/source/app.cpp.o
                0x000000000001c198                mbed::util::FunctionPointerBind<void>::~FunctionPointerBind()
                0x000000000001c198                mbed::util::FunctionPointerBind<void>::~FunctionPointerBind()
 .text._ZN4mbed4util19FunctionPointerBindIvE5clearEv
                0x000000000001c1b0       0x20 source/CMakeFiles/blinky.dir/Users/jax/Documents/Developer/SmartCar/mbed/playground/blinky/source/app.cpp.o
                0x000000000001c1b0                mbed::util::FunctionPointerBind<void>::clear()
 .text._Z13blinkCallbackv
                0x000000000001c1d0       0x1c source/CMakeFiles/blinky.dir/Users/jax/Documents/Developer/SmartCar/mbed/playground/blinky/source/app.cpp.o
                0x000000000001c1d0                blinkCallback()
 .text._Z21onDataWrittenCallbackPK23GattWriteCallbackParams
                0x000000000001c1ec       0x30 source/CMakeFiles/blinky.dir/Users/jax/Documents/Developer/SmartCar/mbed/playground/blinky/source/app.cpp.o
                0x000000000001c1ec                onDataWrittenCallback(GattWriteCallbackParams const*)
 .text._ZN18GapAdvertisingData7addDataENS_10DataType_tEPKhh
                0x000000000001c21c       0xcc source/CMakeFiles/blinky.dir/Users/jax/Documents/Developer/SmartCar/mbed/playground/blinky/source/app.cpp.o
                0x000000000001c21c                GapAdvertisingData::addData(GapAdvertisingData::DataType_t, unsigned char const*, unsigned char)
 .text._ZN10LEDServiceC2ER3BLEb
                0x000000000001c2e8       0xe0 source/CMakeFiles/blinky.dir/Users/jax/Documents/Developer/SmartCar/mbed/playground/blinky/source/app.cpp.o
                0x000000000001c2e8                LEDService::LEDService(BLE&, bool)
                0x000000000001c2e8                LEDService::LEDService(BLE&, bool)
 .text._Z15bleInitCompletePN3BLE37InitializationCompleteCallbackContextE
                0x000000000001c3c8      0x128 source/CMakeFiles/blinky.dir/Users/jax/Documents/Developer/SmartCar/mbed/playground/blinky/source/app.cpp.o
                0x000000000001c3c8                bleInitComplete(BLE::InitializationCompleteCallbackContext*)
 .text._Z9app_startiPPc
                0x000000000001c4f0       0x98 source/CMakeFiles/blinky.dir/Users/jax/Documents/Developer/SmartCar/mbed/playground/blinky/source/app.cpp.o
                0x000000000001c4f0                app_start(int, char**)
 .text.startup._GLOBAL__sub_I_alivenessLED
                0x000000000001c588       0x3c source/CMakeFiles/blinky.dir/Users/jax/Documents/Developer/SmartCar/mbed/playground/blinky/source/app.cpp.o
 .text.startup.main
                0x000000000001c5c4       0x58 ym/mbed-drivers/source/mbed-drivers.a(retarget.cpp.o)
                0x000000000001c5c4                main
 .text._ZN3BLEC2Ej
                0x000000000001c61c       0x2c ym/ble/source/ble.a(BLE.cpp.o)
                0x000000000001c61c                BLE::BLE(unsigned int)
                0x000000000001c61c                BLE::BLE(unsigned int)
 .text._ZN3BLE8InstanceEj
                0x000000000001c648       0x44 ym/ble/source/ble.a(BLE.cpp.o)
                0x000000000001c648                BLE::Instance(unsigned int)
 .text._ZN3BLE3gapEv
                0x000000000001c68c       0x20 ym/ble/source/ble.a(BLE.cpp.o)
                0x000000000001c68c                BLE::gap()
 .text._ZN3BLE10gattServerEv
                0x000000000001c6ac       0x20 ym/ble/source/ble.a(BLE.cpp.o)
                0x000000000001c6ac                BLE::gattServer()
 .text._ZNK3Gap25getMaxAdvertisingIntervalEv
                0x000000000001c6cc        0x8 ym/ble-nrf51822/source/ble-nrf51822.a(nRF5xn.cpp.o)
                0x000000000001c6cc                Gap::getMaxAdvertisingInterval() const
 .text._ZN21nRF5xServiceDiscovery6launchEt26FunctionPointerWithContextIPK17DiscoveredServiceES0_IPK24DiscoveredCharacteristicERK4UUIDSB_
                0x000000000001c6d4       0x98 ym/ble-nrf51822/source/ble-nrf51822.a(nRF5xn.cpp.o)
                0x000000000001c6d4                nRF5xServiceDiscovery::launch(unsigned short, FunctionPointerWithContext<DiscoveredService const*>, FunctionPointerWithContext<DiscoveredCharacteristic const*>, UUID const&, UUID const&)
 .text._ZNK6nRF5xn18getSecurityManagerEv
                0x000000000001c76c       0x34 ym/ble-nrf51822/source/ble-nrf51822.a(nRF5xn.cpp.o)
                0x000000000001c76c                nRF5xn::getSecurityManager() const
 .text._ZN6nRF5xn10getVersionEv
                0x000000000001c7a0       0x74 ym/ble-nrf51822/source/ble-nrf51822.a(nRF5xn.cpp.o)
                0x000000000001c7a0                nRF5xn::getVersion()
 .text._ZN38CallChainOfFunctionPointersWithContextIPK10GattClientED2Ev
                0x000000000001c814       0x14 ym/ble-nrf51822/source/ble-nrf51822.a(nRF5xn.cpp.o)
                0x000000000001c814                CallChainOfFunctionPointersWithContext<GattClient const*>::~CallChainOfFunctionPointersWithContext()
                0x000000000001c814                CallChainOfFunctionPointersWithContext<GattClient const*>::~CallChainOfFunctionPointersWithContext()
 .text._ZN38CallChainOfFunctionPointersWithContextIPK22GattReadCallbackParamsED2Ev
                0x000000000001c828       0x14 ym/ble-nrf51822/source/ble-nrf51822.a(nRF5xn.cpp.o)
                0x000000000001c828                CallChainOfFunctionPointersWithContext<GattReadCallbackParams const*>::~CallChainOfFunctionPointersWithContext()
                0x000000000001c828                CallChainOfFunctionPointersWithContext<GattReadCallbackParams const*>::~CallChainOfFunctionPointersWithContext()
 .text._ZN38CallChainOfFunctionPointersWithContextIPK23GattWriteCallbackParamsED2Ev
                0x000000000001c83c       0x14 ym/ble-nrf51822/source/ble-nrf51822.a(nRF5xn.cpp.o)
                0x000000000001c83c                CallChainOfFunctionPointersWithContext<GattWriteCallbackParams const*>::~CallChainOfFunctionPointersWithContext()
                0x000000000001c83c                CallChainOfFunctionPointersWithContext<GattWriteCallbackParams const*>::~CallChainOfFunctionPointersWithContext()
 .text._ZN38CallChainOfFunctionPointersWithContextIjED2Ev
                0x000000000001c850       0x14 ym/ble-nrf51822/source/ble-nrf51822.a(nRF5xn.cpp.o)
                0x000000000001c850                CallChainOfFunctionPointersWithContext<unsigned int>::~CallChainOfFunctionPointersWithContext()
                0x000000000001c850                CallChainOfFunctionPointersWithContext<unsigned int>::~CallChainOfFunctionPointersWithContext()
 .text._ZN38CallChainOfFunctionPointersWithContextIPK10GattServerED2Ev
                0x000000000001c864       0x14 ym/ble-nrf51822/source/ble-nrf51822.a(nRF5xn.cpp.o)
                0x000000000001c864                CallChainOfFunctionPointersWithContext<GattServer const*>::~CallChainOfFunctionPointersWithContext()
                0x000000000001c864                CallChainOfFunctionPointersWithContext<GattServer const*>::~CallChainOfFunctionPointersWithContext()
 .text._ZN38CallChainOfFunctionPointersWithContextIPK15SecurityManagerED2Ev
                0x000000000001c878       0x14 ym/ble-nrf51822/source/ble-nrf51822.a(nRF5xn.cpp.o)
                0x000000000001c878                CallChainOfFunctionPointersWithContext<SecurityManager const*>::~CallChainOfFunctionPointersWithContext()
                0x000000000001c878                CallChainOfFunctionPointersWithContext<SecurityManager const*>::~CallChainOfFunctionPointersWithContext()
 .text._ZN38CallChainOfFunctionPointersWithContextIPKN3Gap29DisconnectionCallbackParams_tEED2Ev
                0x000000000001c88c       0x14 ym/ble-nrf51822/source/ble-nrf51822.a(nRF5xn.cpp.o)
                0x000000000001c88c                CallChainOfFunctionPointersWithContext<Gap::DisconnectionCallbackParams_t const*>::~CallChainOfFunctionPointersWithContext()
                0x000000000001c88c                CallChainOfFunctionPointersWithContext<Gap::DisconnectionCallbackParams_t const*>::~CallChainOfFunctionPointersWithContext()
 .text._ZN38CallChainOfFunctionPointersWithContextIPKN3Gap26ConnectionCallbackParams_tEED2Ev
                0x000000000001c8a0       0x14 ym/ble-nrf51822/source/ble-nrf51822.a(nRF5xn.cpp.o)
                0x000000000001c8a0                CallChainOfFunctionPointersWithContext<Gap::ConnectionCallbackParams_t const*>::~CallChainOfFunctionPointersWithContext()
                0x000000000001c8a0                CallChainOfFunctionPointersWithContext<Gap::ConnectionCallbackParams_t const*>::~CallChainOfFunctionPointersWithContext()
 .text._ZN38CallChainOfFunctionPointersWithContextIN3Gap15TimeoutSource_tEED2Ev
                0x000000000001c8b4       0x14 ym/ble-nrf51822/source/ble-nrf51822.a(nRF5xn.cpp.o)
                0x000000000001c8b4                CallChainOfFunctionPointersWithContext<Gap::TimeoutSource_t>::~CallChainOfFunctionPointersWithContext()
                0x000000000001c8b4                CallChainOfFunctionPointersWithContext<Gap::TimeoutSource_t>::~CallChainOfFunctionPointersWithContext()
 .text._ZN38CallChainOfFunctionPointersWithContextIPK3GapED2Ev
                0x000000000001c8c8       0x14 ym/ble-nrf51822/source/ble-nrf51822.a(nRF5xn.cpp.o)
                0x000000000001c8c8                CallChainOfFunctionPointersWithContext<Gap const*>::~CallChainOfFunctionPointersWithContext()
                0x000000000001c8c8                CallChainOfFunctionPointersWithContext<Gap const*>::~CallChainOfFunctionPointersWithContext()
 .text._ZN38CallChainOfFunctionPointersWithContextIPK21GattHVXCallbackParamsED2Ev
                0x000000000001c8dc       0x14 ym/ble-nrf51822/source/ble-nrf51822.a(nRF5xn.cpp.o)
                0x000000000001c8dc                CallChainOfFunctionPointersWithContext<GattHVXCallbackParams const*>::~CallChainOfFunctionPointersWithContext()
                0x000000000001c8dc                CallChainOfFunctionPointersWithContext<GattHVXCallbackParams const*>::~CallChainOfFunctionPointersWithContext()
 .text._ZN6nRF5xn18getSecurityManagerEv
                0x000000000001c8f0       0x34 ym/ble-nrf51822/source/ble-nrf51822.a(nRF5xn.cpp.o)
                0x000000000001c8f0                nRF5xn::getSecurityManager()
 .text._ZN4mbed6TickerD2Ev
                0x000000000001c924       0x1c ym/ble-nrf51822/source/ble-nrf51822.a(nRF5xn.cpp.o)
                0x000000000001c924                mbed::Ticker::~Ticker()
                0x000000000001c924                mbed::Ticker::~Ticker()
 .text._ZN6nRF5xnD2Ev
                0x000000000001c940       0x54 ym/ble-nrf51822/source/ble-nrf51822.a(nRF5xn.cpp.o)
                0x000000000001c940                nRF5xn::~nRF5xn()
                0x000000000001c940                nRF5xn::~nRF5xn()
 .text._ZN3Gap5resetEv
                0x000000000001c994       0xb0 ym/ble-nrf51822/source/ble-nrf51822.a(nRF5xn.cpp.o)
                0x000000000001c994                Gap::reset()
 .text._ZN16ServiceDiscovery5resetEv
                0x000000000001ca44       0x78 ym/ble-nrf51822/source/ble-nrf51822.a(nRF5xn.cpp.o)
                0x000000000001ca44                ServiceDiscovery::reset()
 .text._ZN10GattClient16discoverServicesEt26FunctionPointerWithContextIPK17DiscoveredServiceERK4UUID
                0x000000000001cabc       0x58 ym/ble-nrf51822/source/ble-nrf51822.a(nRF5xn.cpp.o)
                0x000000000001cabc                GattClient::discoverServices(unsigned short, FunctionPointerWithContext<DiscoveredService const*>, UUID const&)
 .text._Z17createBLEInstancev
                0x000000000001cb14        0x8 ym/ble-nrf51822/source/ble-nrf51822.a(nRF5xn.cpp.o)
                0x000000000001cb14                createBLEInstance()
 .text._ZN6nRF5xn8InstanceEj
                0x000000000001cb1c        0x8 ym/ble-nrf51822/source/ble-nrf51822.a(nRF5xn.cpp.o)
                0x000000000001cb1c                nRF5xn::Instance(unsigned int)
 .text._ZN6nRF5xnC2Ev
                0x000000000001cb24      0x160 ym/ble-nrf51822/source/ble-nrf51822.a(nRF5xn.cpp.o)
                0x000000000001cb24                nRF5xn::nRF5xn()
                0x000000000001cb24                nRF5xn::nRF5xn()
 .text._ZN26FunctionPointerWithContextItEC2EPFvtE
                0x000000000001cc84       0x20 ym/ble-nrf51822/source/ble-nrf51822.a(nRF5xn.cpp.o)
                0x000000000001cc84                FunctionPointerWithContext<unsigned short>::FunctionPointerWithContext(void (*)(unsigned short))
                0x000000000001cc84                FunctionPointerWithContext<unsigned short>::FunctionPointerWithContext(void (*)(unsigned short))
 .text._ZN15nRF5xGattServerC2Ev
                0x000000000001cca4       0xb4 ym/ble-nrf51822/source/ble-nrf51822.a(nRF5xn.cpp.o)
                0x000000000001cca4                nRF5xGattServer::nRF5xGattServer()
                0x000000000001cca4                nRF5xGattServer::nRF5xGattServer()
 .text._ZN21nRF5xServiceDiscoveryC2EP15nRF5xGattClient
                0x000000000001cd58       0xcc ym/ble-nrf51822/source/ble-nrf51822.a(nRF5xn.cpp.o)
                0x000000000001cd58                nRF5xServiceDiscovery::nRF5xServiceDiscovery(nRF5xGattClient*)
                0x000000000001cd58                nRF5xServiceDiscovery::nRF5xServiceDiscovery(nRF5xGattClient*)
 .text._ZN6nRF5xn13getGattClientEv
                0x000000000001ce24       0x60 ym/ble-nrf51822/source/ble-nrf51822.a(nRF5xn.cpp.o)
                0x000000000001ce24                nRF5xn::getGattClient()
 .text.startup._GLOBAL__sub_I__Z17createBLEInstancev
                0x000000000001ce84       0x24 ym/ble-nrf51822/source/ble-nrf51822.a(nRF5xn.cpp.o)
 .text._ZL10dm_handlerPK13device_handlePK10dm_event_tm
                0x000000000001cea8       0xa8 ym/ble-nrf51822/source/ble-nrf51822.a(btle_security.cpp.o)
 .text._Z27btle_hasInitializedSecurityv
                0x000000000001cf50        0xc ym/ble-nrf51822/source/ble-nrf51822.a(btle_security.cpp.o)
                0x000000000001cf50                btle_hasInitializedSecurity()
 .text._Z23btle_initializeSecuritybbN15SecurityManager24SecurityIOCapabilities_tEPKh
                0x000000000001cf5c       0xd4 ym/ble-nrf51822/source/ble-nrf51822.a(btle_security.cpp.o)
                0x000000000001cf5c                btle_initializeSecurity(bool, bool, SecurityManager::SecurityIOCapabilities_t, unsigned char const*)
 .text._Z25btle_purgeAllBondingStatev
                0x000000000001d030       0x24 ym/ble-nrf51822/source/ble-nrf51822.a(btle_security.cpp.o)
                0x000000000001d030                btle_purgeAllBondingState()
 .text._Z20btle_getLinkSecuritytPN15SecurityManager20LinkSecurityStatus_tE
                0x000000000001d054       0x48 ym/ble-nrf51822/source/ble-nrf51822.a(btle_security.cpp.o)
                0x000000000001d054                btle_getLinkSecurity(unsigned short, SecurityManager::LinkSecurityStatus_t*)
 .text._Z20btle_setLinkSecuritytN15SecurityManager14SecurityMode_tE
                0x000000000001d09c       0x48 ym/ble-nrf51822/source/ble-nrf51822.a(btle_security.cpp.o)
                0x000000000001d09c                btle_setLinkSecurity(unsigned short, SecurityManager::SecurityMode_t)
 .text._Z33btle_createWhitelistFromBondTableP19ble_gap_whitelist_t
                0x000000000001d0e4       0x30 ym/ble-nrf51822/source/ble-nrf51822.a(btle_security.cpp.o)
                0x000000000001d0e4                btle_createWhitelistFromBondTable(ble_gap_whitelist_t*)
 .text._ZN15nRF5xGattServer4readEtPhPt
                0x000000000001d114       0x18 ym/ble-nrf51822/source/ble-nrf51822.a(nRF5xGattServer.cpp.o)
                0x000000000001d114                nRF5xGattServer::read(unsigned short, unsigned char*, unsigned short*)
 .text._ZN15nRF5xGattServer5writeEtPKhtb
                0x000000000001d12c       0x1c ym/ble-nrf51822/source/ble-nrf51822.a(nRF5xGattServer.cpp.o)
                0x000000000001d12c                nRF5xGattServer::write(unsigned short, unsigned char const*, unsigned short, bool)
 .text._ZN15nRF5xGattServer5writeEttPKhtb
                0x000000000001d148      0x13c ym/ble-nrf51822/source/ble-nrf51822.a(nRF5xGattServer.cpp.o)
                0x000000000001d148                nRF5xGattServer::write(unsigned short, unsigned short, unsigned char const*, unsigned short, bool)
 .text._ZN15nRF5xGattServer10addServiceER11GattService
                0x000000000001d284      0x1e4 ym/ble-nrf51822/source/ble-nrf51822.a(nRF5xGattServer.cpp.o)
                0x000000000001d284                nRF5xGattServer::addService(GattService&)
 .text._ZNK8SafeBoolI26FunctionPointerWithContextItEEcvMN9SafeBool_4baseEKFvvEEv
                0x000000000001d468       0x18 ym/ble-nrf51822/source/ble-nrf51822.a(nRF5xGattServer.cpp.o)
                0x000000000001d468                SafeBool<FunctionPointerWithContext<unsigned short> >::operator void (SafeBool_::base::*)() const() const
 .text.custom_convert_to_nordic_uuid
                0x000000000001d480       0xac ym/ble-nrf51822/source/ble-nrf51822.a(custom_helper.cpp.o)
                0x000000000001d480                custom_convert_to_nordic_uuid
 .text._ZN39nRF5xCharacteristicDescriptorDiscoverer26gattc_descriptors_discoverEttt
                0x000000000001d52c       0x38 ym/ble-nrf51822/source/ble-nrf51822.a(nRF5xCharacteristicDescriptorDiscoverer.cpp.o)
                0x000000000001d52c                nRF5xCharacteristicDescriptorDiscoverer::gattc_descriptors_discover(unsigned short, unsigned short, unsigned short)
 .text._ZN39nRF5xCharacteristicDescriptorDiscoverer9DiscoveryC2Ev
                0x000000000001d564       0x58 ym/ble-nrf51822/source/ble-nrf51822.a(nRF5xCharacteristicDescriptorDiscoverer.cpp.o)
                0x000000000001d564                nRF5xCharacteristicDescriptorDiscoverer::Discovery::Discovery()
                0x000000000001d564                nRF5xCharacteristicDescriptorDiscoverer::Discovery::Discovery()
 .text._ZN8nRF5xGap25getPermittedTxPowerValuesEPPKaPj
                0x000000000001d5bc       0x10 ym/ble-nrf51822/source/ble-nrf51822.a(nRF5xGap.cpp.o)
                0x000000000001d5bc                nRF5xGap::getPermittedTxPowerValues(signed char const**, unsigned int*)
 .text._ZN8nRF5xGap29postRadioNotificationCallbackEv
                0x000000000001d5cc       0x60 ym/ble-nrf51822/source/ble-nrf51822.a(nRF5xGap.cpp.o)
                0x000000000001d5cc                nRF5xGap::postRadioNotificationCallback()
 .text._Z31radioNotificationStaticCallbackb
                0x000000000001d62c       0x3c ym/ble-nrf51822/source/ble-nrf51822.a(nRF5xGap.cpp.o)
                0x000000000001d62c                radioNotificationStaticCallback(bool)
 .text._ZN8nRF5xGap21initRadioNotificationEv
                0x000000000001d668       0x1c ym/ble-nrf51822/source/ble-nrf51822.a(nRF5xGap.cpp.o)
                0x000000000001d668                nRF5xGap::initRadioNotification()
 .text._ZN8nRF5xGap22generateStackWhitelistER19ble_gap_whitelist_t
                0x000000000001d684       0xe8 ym/ble-nrf51822/source/ble-nrf51822.a(nRF5xGap.cpp.o)
                0x000000000001d684                nRF5xGap::generateStackWhitelist(ble_gap_whitelist_t&)
 .text._ZN8nRF5xGap7connectEPKhN11BLEProtocol11AddressType4TypeEPKN3Gap18ConnectionParams_tEPK17GapScanningParams
                0x000000000001d76c       0xf0 ym/ble-nrf51822/source/ble-nrf51822.a(nRF5xGap.cpp.o)
                0x000000000001d76c                nRF5xGap::connect(unsigned char const*, BLEProtocol::AddressType::Type, Gap::ConnectionParams_t const*, GapScanningParams const*)
 .text._ZN8nRF5xGap16startAdvertisingERK20GapAdvertisingParams
                0x000000000001d85c       0x9c ym/ble-nrf51822/source/ble-nrf51822.a(nRF5xGap.cpp.o)
                0x000000000001d85c                nRF5xGap::startAdvertising(GapAdvertisingParams const&)
 .text._ZNK15nRF5xGattClient5writeEN10GattClient9WriteOp_tEttjPKh
                0x000000000001d8f8       0x40 ym/ble-nrf51822/source/ble-nrf51822.a(nRF5xGattClient.cpp.o)
                0x000000000001d8f8                nRF5xGattClient::write(GattClient::WriteOp_t, unsigned short, unsigned short, unsigned int, unsigned char const*) const
 .text._ZN15nRF5xGattClient5resetEv
                0x000000000001d938       0xac ym/ble-nrf51822/source/ble-nrf51822.a(nRF5xGattClient.cpp.o)
                0x000000000001d938                nRF5xGattClient::reset()
 .text._ZN15nRF5xGattClient22launchServiceDiscoveryEt26FunctionPointerWithContextIPK17DiscoveredServiceES0_IPK24DiscoveredCharacteristicERK4UUIDSB_
                0x000000000001d9e4       0xc0 ym/ble-nrf51822/source/ble-nrf51822.a(nRF5xGattClient.cpp.o)
                0x000000000001d9e4                nRF5xGattClient::launchServiceDiscovery(unsigned short, FunctionPointerWithContext<DiscoveredService const*>, FunctionPointerWithContext<DiscoveredCharacteristic const*>, UUID const&, UUID const&)
 .text._ZL12eventHandlerv
                0x000000000001daa4       0x50 ym/ble-nrf51822/source/ble-nrf51822.a(btle.cpp.o)
 .text._ZL12btle_handlerP9ble_evt_t
                0x000000000001daf4      0x1cc ym/ble-nrf51822/source/ble-nrf51822.a(btle.cpp.o)
 .text.btle_init
                0x000000000001dcc0       0xa4 ym/ble-nrf51822/source/ble-nrf51822.a(btle.cpp.o)
                0x000000000001dcc0                btle_init
 .text.app_error_handler
                0x000000000001dd64       0x20 ym/ble-nrf51822/source/ble-nrf51822.a(btle.cpp.o)
                0x000000000001dd64                app_error_handler
 .text._Z13btle_gap_initv
                0x000000000001dd84       0x58 ym/ble-nrf51822/source/ble-nrf51822.a(btle_gap.cpp.o)
                0x000000000001dd84                btle_gap_init()
 .text._ZN21nRF5xServiceDiscovery25ServiceUUIDDiscoveryQueue12triggerFirstEv
                0x000000000001dddc       0x5c ym/ble-nrf51822/source/ble-nrf51822.a(nRF5xServiceDiscovery.cpp.o)
                0x000000000001dddc                nRF5xServiceDiscovery::ServiceUUIDDiscoveryQueue::triggerFirst()
 .text._ZN21nRF5xServiceDiscovery22CharUUIDDiscoveryQueue12triggerFirstEv
                0x000000000001de38       0x5c ym/ble-nrf51822/source/ble-nrf51822.a(nRF5xServiceDiscovery.cpp.o)
                0x000000000001de38                nRF5xServiceDiscovery::CharUUIDDiscoveryQueue::triggerFirst()
 .text._ZN21nRF5xServiceDiscovery27processDiscoverUUIDResponseEPK41ble_gattc_evt_char_val_by_uuid_read_rsp_t
                0x000000000001de94       0xd4 ym/ble-nrf51822/source/ble-nrf51822.a(nRF5xServiceDiscovery.cpp.o)
                0x000000000001de94                nRF5xServiceDiscovery::processDiscoverUUIDResponse(ble_gattc_evt_char_val_by_uuid_read_rsp_t const*)
 .text._ZNK8SafeBoolI26FunctionPointerWithContextIPK17DiscoveredServiceEEcvMN9SafeBool_4baseEKFvvEEv
                0x000000000001df68       0x18 ym/ble-nrf51822/source/ble-nrf51822.a(nRF5xServiceDiscovery.cpp.o)
                0x000000000001df68                SafeBool<FunctionPointerWithContext<DiscoveredService const*> >::operator void (SafeBool_::base::*)() const() const
 .text._ZN21nRF5xServiceDiscovery29launchCharacteristicDiscoveryEttt
                0x000000000001df80       0x54 ym/ble-nrf51822/source/ble-nrf51822.a(nRF5xServiceDiscovery.cpp.o)
                0x000000000001df80                nRF5xServiceDiscovery::launchCharacteristicDiscovery(unsigned short, unsigned short, unsigned short)
 .text._ZN21nRF5xServiceDiscovery24progressServiceDiscoveryEv
                0x000000000001dfd4      0x10c ym/ble-nrf51822/source/ble-nrf51822.a(nRF5xServiceDiscovery.cpp.o)
                0x000000000001dfd4                nRF5xServiceDiscovery::progressServiceDiscovery()
 .text._ZN21nRF5xServiceDiscovery31progressCharacteristicDiscoveryEv
                0x000000000001e0e0      0x1b4 ym/ble-nrf51822/source/ble-nrf51822.a(nRF5xServiceDiscovery.cpp.o)
                0x000000000001e0e0                nRF5xServiceDiscovery::progressCharacteristicDiscovery()
 .text._ZN17GapScanningParamsC2Etttb
                0x000000000001e294       0x6c ym/ble/source/ble.a(GapScanningParams.cpp.o)
                0x000000000001e294                GapScanningParams::GapScanningParams(unsigned short, unsigned short, unsigned short, bool)
                0x000000000001e294                GapScanningParams::GapScanningParams(unsigned short, unsigned short, unsigned short, bool)
 .text._ZN4mbed10TimerEventC2Ev
                0x000000000001e300       0x2c ym/mbed-drivers/source/mbed-drivers.a(TimerEvent.cpp.o)
                0x000000000001e300                mbed::TimerEvent::TimerEvent()
                0x000000000001e300                mbed::TimerEvent::TimerEvent()
 .text._ZN4mbed10TimerEventD2Ev
                0x000000000001e32c       0x18 ym/mbed-drivers/source/mbed-drivers.a(TimerEvent.cpp.o)
                0x000000000001e32c                mbed::TimerEvent::~TimerEvent()
                0x000000000001e32c                mbed::TimerEvent::~TimerEvent()
 .text.get_us_ticker_data
                0x000000000001e344        0x8 ym/mbed-drivers/source/mbed-drivers.a(us_ticker_api.c.o)
                0x000000000001e344                get_us_ticker_data
 .text.us_ticker_irq_handler
                0x000000000001e34c       0x10 ym/mbed-drivers/source/mbed-drivers.a(us_ticker_api.c.o)
                0x000000000001e34c                us_ticker_irq_handler
 .text._ZN4mbed6Ticker6detachEv
                0x000000000001e35c       0x18 ym/mbed-drivers/source/mbed-drivers.a(Ticker.cpp.o)
                0x000000000001e35c                mbed::Ticker::detach()
 .text._ZN4mbed7TimeoutD2Ev
                0x000000000001e374       0x1c ym/mbed-drivers/source/mbed-drivers.a(Timeout.cpp.o)
                0x000000000001e374                mbed::Timeout::~Timeout()
                0x000000000001e374                mbed::Timeout::~Timeout()
 .text._ZN5minar12CallbackNode13get_allocatorEv
                0x000000000001e390       0x4c ym/minar/source/minar.a(minar.cpp.o)
                0x000000000001e390                minar::CallbackNode::get_allocator()
 .text._ZN4mbed4util19FunctionPointerBindIvEC2ERKS2_
                0x000000000001e3dc       0x50 ym/minar/source/minar.a(minar.cpp.o)
                0x000000000001e3dc                mbed::util::FunctionPointerBind<void>::FunctionPointerBind(mbed::util::FunctionPointerBind<void> const&)
                0x000000000001e3dc                mbed::util::FunctionPointerBind<void>::FunctionPointerBind(mbed::util::FunctionPointerBind<void> const&)
 .text._ZN5minar9Scheduler13CallbackAdderC2ERS0_N4mbed4util19FunctionPointerBindIvEE
                0x000000000001e42c       0x24 ym/minar/source/minar.a(minar.cpp.o)
                0x000000000001e42c                minar::Scheduler::CallbackAdder::CallbackAdder(minar::Scheduler&, mbed::util::FunctionPointerBind<void>)
                0x000000000001e42c                minar::Scheduler::CallbackAdder::CallbackAdder(minar::Scheduler&, mbed::util::FunctionPointerBind<void>)
 .text._ZNK4mbed4util10BinaryHeapIPN5minar12CallbackNodeENS2_13SchedulerData19CallbackNodeCompareEE8get_rootEv
                0x000000000001e450       0x28 ym/minar/source/minar.a(minar.cpp.o)
                0x000000000001e450                mbed::util::BinaryHeap<minar::CallbackNode*, minar::SchedulerData::CallbackNodeCompare>::get_root() const
 .text._ZN5minar13SchedulerDataC2Ev
                0x000000000001e478       0x6c ym/minar/source/minar.a(minar.cpp.o)
                0x000000000001e478                minar::SchedulerData::SchedulerData()
                0x000000000001e478                minar::SchedulerData::SchedulerData()
 .text._ZN5minar9Scheduler8instanceEv
                0x000000000001e4e4       0x38 ym/minar/source/minar.a(minar.cpp.o)
                0x000000000001e4e4                minar::Scheduler::instance()
 .text._ZN5minar9Scheduler12postCallbackERKN4mbed4util19FunctionPointerBindIvEE
                0x000000000001e51c       0x34 ym/minar/source/minar.a(minar.cpp.o)
                0x000000000001e51c                minar::Scheduler::postCallback(mbed::util::FunctionPointerBind<void> const&)
 .text._ZN5minar13SchedulerData5startEv
                0x000000000001e550      0x15c ym/minar/source/minar.a(minar.cpp.o)
                0x000000000001e550                minar::SchedulerData::start()
 .text._ZN5minar9Scheduler5startEv
                0x000000000001e6ac       0x18 ym/minar/source/minar.a(minar.cpp.o)
                0x000000000001e6ac                minar::Scheduler::start()
 .text._ZN5minar13SchedulerData11postGenericEN4mbed4util19FunctionPointerBindIvEEmmm
                0x000000000001e6c4       0x58 ym/minar/source/minar.a(minar.cpp.o)
                0x000000000001e6c4                minar::SchedulerData::postGeneric(mbed::util::FunctionPointerBind<void>, unsigned long, unsigned long, unsigned long)
 .text.core_util_critical_section_enter
                0x000000000001e71c       0x5c ym/core-util/source/core-util.a(critical_nordic.c.o)
                0x000000000001e71c                core_util_critical_section_enter
 .text.core_util_critical_section_exit
                0x000000000001e778       0x38 ym/core-util/source/core-util.a(critical_nordic.c.o)
                0x000000000001e778                core_util_critical_section_exit
 .text.intern_softdevice_events_execute
                0x000000000001e7b0       0xb4 ym/nrf51-sdk/source/nrf51-sdk.a(softdevice_handler.c.o)
                0x000000000001e7b0                intern_softdevice_events_execute
 .text.softdevice_handler_init
                0x000000000001e864       0x48 ym/nrf51-sdk/source/nrf51-sdk.a(softdevice_handler.c.o)
                0x000000000001e864                softdevice_handler_init
 .text.softdevice_handler_sd_disable
                0x000000000001e8ac       0x18 ym/nrf51-sdk/source/nrf51-sdk.a(softdevice_handler.c.o)
                0x000000000001e8ac                softdevice_handler_sd_disable
 .text.softdevice_ble_evt_handler_set
                0x000000000001e8c4       0x14 ym/nrf51-sdk/source/nrf51-sdk.a(softdevice_handler.c.o)
                0x000000000001e8c4                softdevice_ble_evt_handler_set
 .text.softdevice_sys_evt_handler_set
                0x000000000001e8d8       0x14 ym/nrf51-sdk/source/nrf51-sdk.a(softdevice_handler.c.o)
                0x000000000001e8d8                softdevice_sys_evt_handler_set
 .text.SWI2_IRQHandler
                0x000000000001e8ec       0x24 ym/nrf51-sdk/source/nrf51-sdk.a(softdevice_handler.c.o)
                0x000000000001e8ec                SWI2_IRQHandler
 .text.gatts_context_store
                0x000000000001e910       0xb8 ym/nrf51-sdk/source/nrf51-sdk.a(device_manager_peripheral.c.o)
 .text.device_context_store
                0x000000000001e9c8       0xb8 ym/nrf51-sdk/source/nrf51-sdk.a(device_manager_peripheral.c.o)
 .text.gatts_context_apply
                0x000000000001ea80       0xb8 ym/nrf51-sdk/source/nrf51-sdk.a(device_manager_peripheral.c.o)
 .text.gatts_context_load
                0x000000000001eb38       0x34 ym/nrf51-sdk/source/nrf51-sdk.a(device_manager_peripheral.c.o)
 .text.peer_instance_init
                0x000000000001eb6c       0x44 ym/nrf51-sdk/source/nrf51-sdk.a(device_manager_peripheral.c.o)
 .text.device_instance_free
                0x000000000001ebb0       0x2c ym/nrf51-sdk/source/nrf51-sdk.a(device_manager_peripheral.c.o)
 .text.dm_pstorage_cb_handler
                0x000000000001ebdc      0x130 ym/nrf51-sdk/source/nrf51-sdk.a(device_manager_peripheral.c.o)
 .text.dm_init  0x000000000001ed0c       0xe8 ym/nrf51-sdk/source/nrf51-sdk.a(device_manager_peripheral.c.o)
                0x000000000001ed0c                dm_init
 .text.dm_register
                0x000000000001edf4       0x74 ym/nrf51-sdk/source/nrf51-sdk.a(device_manager_peripheral.c.o)
                0x000000000001edf4                dm_register
 .text.dm_security_status_req
                0x000000000001ee68       0x70 ym/nrf51-sdk/source/nrf51-sdk.a(device_manager_peripheral.c.o)
                0x000000000001ee68                dm_security_status_req
 .text.dm_whitelist_create
                0x000000000001eed8       0xb4 ym/nrf51-sdk/source/nrf51-sdk.a(device_manager_peripheral.c.o)
                0x000000000001eed8                dm_whitelist_create
 .text.dm_device_delete_all
                0x000000000001ef8c       0x58 ym/nrf51-sdk/source/nrf51-sdk.a(device_manager_peripheral.c.o)
                0x000000000001ef8c                dm_device_delete_all
 .text.bond_data_load
                0x000000000001efe4       0x48 ym/nrf51-sdk/source/nrf51-sdk.a(device_manager_peripheral.c.o)
                0x000000000001efe4                bond_data_load
 .text.dm_ble_evt_handler
                0x000000000001f02c      0x390 ym/nrf51-sdk/source/nrf51-sdk.a(device_manager_peripheral.c.o)
                0x000000000001f02c                dm_ble_evt_handler
 .text.dm_handle_get
                0x000000000001f3bc       0x48 ym/nrf51-sdk/source/nrf51-sdk.a(device_manager_peripheral.c.o)
                0x000000000001f3bc                dm_handle_get
 .text.pstorage_flash_page_end
                0x000000000001f404       0x20 ym/nrf51-sdk/source/nrf51-sdk.a(pstorage.c.o)
 .text.swap_sub_state_entry_action_run
                0x000000000001f424       0x18 ym/nrf51-sdk/source/nrf51-sdk.a(pstorage.c.o)
 .text.app_notify
                0x000000000001f43c       0x2c ym/nrf51-sdk/source/nrf51-sdk.a(pstorage.c.o)
 .text.is_page_erase_required
                0x000000000001f468       0x50 ym/nrf51-sdk/source/nrf51-sdk.a(pstorage.c.o)
 .text.swap_sub_state_err_busy_process
                0x000000000001f4b8       0x18 ym/nrf51-sdk/source/nrf51-sdk.a(pstorage.c.o)
 .text.data_to_swap_write_state_run
                0x000000000001f4d0       0x30 ym/nrf51-sdk/source/nrf51-sdk.a(pstorage.c.o)
 .text.swap_erase_state_run
                0x000000000001f500       0x24 ym/nrf51-sdk/source/nrf51-sdk.a(pstorage.c.o)
 .text.flash_api_err_code_process
                0x000000000001f524       0x40 ym/nrf51-sdk/source/nrf51-sdk.a(pstorage.c.o)
 .text.store_cmd_flash_write_execute
                0x000000000001f564       0x58 ym/nrf51-sdk/source/nrf51-sdk.a(pstorage.c.o)
 .text.state_restore_head_entry_run
                0x000000000001f5bc       0x34 ym/nrf51-sdk/source/nrf51-sdk.a(pstorage.c.o)
 .text.state_restore_tail_entry_run
                0x000000000001f5f0       0x48 ym/nrf51-sdk/source/nrf51-sdk.a(pstorage.c.o)
 .text.state_write_data_swap_entry_run
                0x000000000001f638       0x2c ym/nrf51-sdk/source/nrf51-sdk.a(pstorage.c.o)
 .text.state_erase_data_page_entry_run
                0x000000000001f664       0x14 ym/nrf51-sdk/source/nrf51-sdk.a(pstorage.c.o)
 .text.state_entry_action_run
                0x000000000001f678       0xd0 ym/nrf51-sdk/source/nrf51-sdk.a(pstorage.c.o)
 .text.clear_operation_execute
                0x000000000001f748      0x14c ym/nrf51-sdk/source/nrf51-sdk.a(pstorage.c.o)
 .text.cmd_process
                0x000000000001f894       0x3c ym/nrf51-sdk/source/nrf51-sdk.a(pstorage.c.o)
 .text.unlikely.cmd_queue_enqueue
                0x000000000001f8d0       0x54 ym/nrf51-sdk/source/nrf51-sdk.a(pstorage.c.o)
 .text.command_end_procedure_run
                0x000000000001f924       0x54 ym/nrf51-sdk/source/nrf51-sdk.a(pstorage.c.o)
 .text.clear_post_processing_run
                0x000000000001f978       0x2c ym/nrf51-sdk/source/nrf51-sdk.a(pstorage.c.o)
 .text.head_restore_state_run
                0x000000000001f9a4       0x94 ym/nrf51-sdk/source/nrf51-sdk.a(pstorage.c.o)
 .text.tail_restore_state_run
                0x000000000001fa38       0x1c ym/nrf51-sdk/source/nrf51-sdk.a(pstorage.c.o)
 .text.data_page_erase_state_run
                0x000000000001fa54       0x6c ym/nrf51-sdk/source/nrf51-sdk.a(pstorage.c.o)
 .text.flash_operation_success_run
                0x000000000001fac0       0x98 ym/nrf51-sdk/source/nrf51-sdk.a(pstorage.c.o)
 .text.pstorage_sys_event_handler
                0x000000000001fb58       0x64 ym/nrf51-sdk/source/nrf51-sdk.a(pstorage.c.o)
                0x000000000001fb58                pstorage_sys_event_handler
 .text.pstorage_init
                0x000000000001fbbc       0x84 ym/nrf51-sdk/source/nrf51-sdk.a(pstorage.c.o)
                0x000000000001fbbc                pstorage_init
 .text.pstorage_register
                0x000000000001fc40       0xc8 ym/nrf51-sdk/source/nrf51-sdk.a(pstorage.c.o)
                0x000000000001fc40                pstorage_register
 .text.pstorage_block_identifier_get
                0x000000000001fd08       0x4c ym/nrf51-sdk/source/nrf51-sdk.a(pstorage.c.o)
                0x000000000001fd08                pstorage_block_identifier_get
 .text.pstorage_store
                0x000000000001fd54       0x78 ym/nrf51-sdk/source/nrf51-sdk.a(pstorage.c.o)
                0x000000000001fd54                pstorage_store
 .text.pstorage_update
                0x000000000001fdcc       0x78 ym/nrf51-sdk/source/nrf51-sdk.a(pstorage.c.o)
                0x000000000001fdcc                pstorage_update
 .text.pstorage_load
                0x000000000001fe44       0x98 ym/nrf51-sdk/source/nrf51-sdk.a(pstorage.c.o)
                0x000000000001fe44                pstorage_load
 .text.pstorage_clear
                0x000000000001fedc       0x88 ym/nrf51-sdk/source/nrf51-sdk.a(pstorage.c.o)
                0x000000000001fedc                pstorage_clear
 .text.SWI1_IRQHandler
                0x000000000001ff64       0x20 ym/nrf51-sdk/source/nrf51-sdk.a(ble_radio_notification.c.o)
                0x000000000001ff64                SWI1_IRQHandler
 .text.ble_radio_notification_init
                0x000000000001ff84       0x38 ym/nrf51-sdk/source/nrf51-sdk.a(ble_radio_notification.c.o)
                0x000000000001ff84                ble_radio_notification_init
 .text          0x000000000001ffbc       0x48 ym/mbed-hal-nrf51822-mcu/existing/mbed-hal-nrf51822-mcu.a(startup_nRF51822.S.obj)
                0x000000000001ffbc                Reset_Handler
                0x000000000001fff8                NMI_Handler
                0x000000000001fffa                HardFault_Handler
                0x000000000001fffc                SVC_Handler
                0x000000000001fffe                PendSV_Handler
                0x0000000000020000                SysTick_Handler
                0x0000000000020002                LPCOMP_IRQHandler
                0x0000000000020002                SWI4_IRQHandler
                0x0000000000020002                TEMP_IRQHandler
                0x0000000000020002                QDEC_IRQHandler
                0x0000000000020002                SWI5_IRQHandler
                0x0000000000020002                TIMER0_IRQHandler
                0x0000000000020002                SWI0_IRQHandler
                0x0000000000020002                TIMER1_IRQHandler
                0x0000000000020002                ECB_IRQHandler
                0x0000000000020002                Default_Handler
                0x0000000000020002                ADC_IRQHandler
                0x0000000000020002                SWI3_IRQHandler
                0x0000000000020002                CCM_AAR_IRQHandler
                0x0000000000020002                WDT_IRQHandler
                0x0000000000020002                RNG_IRQHandler
                0x0000000000020002                TIMER2_IRQHandler
                0x0000000000020002                SPI1_TWI1_IRQHandler
                0x0000000000020002                SPI0_TWI0_IRQHandler
                0x0000000000020002                RTC0_IRQHandler
                0x0000000000020002                GPIOTE_IRQHandler
                0x0000000000020002                POWER_CLOCK_IRQHandler
                0x0000000000020002                RADIO_IRQHandler
 .text.rtc1_getCounter64
                0x0000000000020004       0x3c ym/mbed-hal-nrf51822-mcu/existing/mbed-hal-nrf51822-mcu.a(us_ticker.c.o)
 .text.RTC1_IRQHandler
                0x0000000000020040       0x8c ym/mbed-hal-nrf51822-mcu/existing/mbed-hal-nrf51822-mcu.a(us_ticker.c.o)
                0x0000000000020040                RTC1_IRQHandler
 .text.us_ticker_init
                0x00000000000200cc       0x78 ym/mbed-hal-nrf51822-mcu/existing/mbed-hal-nrf51822-mcu.a(us_ticker.c.o)
                0x00000000000200cc                us_ticker_init
 .text.us_ticker_read
                0x0000000000020144       0x2c ym/mbed-hal-nrf51822-mcu/existing/mbed-hal-nrf51822-mcu.a(us_ticker.c.o)
                0x0000000000020144                us_ticker_read
 .text.us_ticker_set_interrupt
                0x0000000000020170       0xbc ym/mbed-hal-nrf51822-mcu/existing/mbed-hal-nrf51822-mcu.a(us_ticker.c.o)
                0x0000000000020170                us_ticker_set_interrupt
 .text.us_ticker_disable_interrupt
                0x000000000002022c       0x28 ym/mbed-hal-nrf51822-mcu/existing/mbed-hal-nrf51822-mcu.a(us_ticker.c.o)
                0x000000000002022c                us_ticker_disable_interrupt
 .text.us_ticker_clear_interrupt
                0x0000000000020254       0x10 ym/mbed-hal-nrf51822-mcu/existing/mbed-hal-nrf51822-mcu.a(us_ticker.c.o)
                0x0000000000020254                us_ticker_clear_interrupt
 .text.gpio_init
                0x0000000000020264       0x30 ym/mbed-hal-nrf51822-mcu/existing/mbed-hal-nrf51822-mcu.a(gpio_api.c.o)
                0x0000000000020264                gpio_init
 .text.UART0_IRQHandler
                0x0000000000020294       0x4c ym/mbed-hal-nrf51822-mcu/existing/mbed-hal-nrf51822-mcu.a(serial_api.c.o)
                0x0000000000020294                UART0_IRQHandler
 .text.SystemInit
                0x00000000000202e0       0xb0 ym/nrf51-sdk/source/nrf51-sdk.a(system_nrf51.c.o)
                0x00000000000202e0                SystemInit
 .text.mbed_enter_sleep
                0x0000000000020390       0x50 ym/mbed-hal-nrf51822-mcu/existing/mbed-hal-nrf51822-mcu.a(sleep.c.o)
                0x0000000000020390                mbed_enter_sleep
 .text.lp_ticker_get_compare_match
                0x00000000000203e0       0x10 ym/mbed-hal-nrf51822-mcu/existing/mbed-hal-nrf51822-mcu.a(lp_ticker.c.o)
                0x00000000000203e0                lp_ticker_get_compare_match
 .text.lp_ticker_sleep_until
                0x00000000000203f0       0x2c ym/mbed-hal-nrf51822-mcu/existing/mbed-hal-nrf51822-mcu.a(lp_ticker.c.o)
                0x00000000000203f0                lp_ticker_sleep_until
 .text.mbed_ualloc
                0x000000000002041c       0x5c ym/ualloc/source/ualloc.a(ualloc.c.o)
                0x000000000002041c                mbed_ualloc
 .text.mbed_urealloc
                0x0000000000020478       0x54 ym/ualloc/source/ualloc.a(ualloc.c.o)
                0x0000000000020478                mbed_urealloc
 .text.mbed_ufree
                0x00000000000204cc       0x30 ym/ualloc/source/ualloc.a(ualloc.c.o)
                0x00000000000204cc                mbed_ufree
 .text.init_mparams
                0x00000000000204fc       0x48 ym/dlmalloc/source/dlmalloc.a(dlmalloc.c.o)
 .text.init_top.constprop.16
                0x0000000000020544       0x3c ym/dlmalloc/source/dlmalloc.a(dlmalloc.c.o)
 .text.dispose_chunk.constprop.17
                0x0000000000020580      0x428 ym/dlmalloc/source/dlmalloc.a(dlmalloc.c.o)
 .text.try_realloc_chunk.isra.3.constprop.6
                0x00000000000209a8      0x2a8 ym/dlmalloc/source/dlmalloc.a(dlmalloc.c.o)
 .text.segment_holding.constprop.18
                0x0000000000020c50       0x24 ym/dlmalloc/source/dlmalloc.a(dlmalloc.c.o)
 .text.dlmalloc
                0x0000000000020c74      0xe58 ym/dlmalloc/source/dlmalloc.a(dlmalloc.c.o)
                0x0000000000020c74                dlmalloc
 .text.dlfree   0x0000000000021acc      0x46c ym/dlmalloc/source/dlmalloc.a(dlmalloc.c.o)
                0x0000000000021acc                dlfree
 .text._ZSt15get_new_handlerv
                0x0000000000021f38        0xc /usr/local/Cellar/arm-none-eabi-gcc/5.0-2016-q1-update/bin/../lib/gcc/arm-none-eabi/5.3.1/../../../../arm-none-eabi/lib/armv6-m/libstdc++_nano.a(new_handler.o)
                0x0000000000021f38                std::get_new_handler()
 .text          0x0000000000021f44       0x14 /usr/local/Cellar/arm-none-eabi-gcc/5.0-2016-q1-update/bin/../lib/gcc/arm-none-eabi/5.3.1/armv6-m/libgcc.a(_thumb1_case_uqi.o)
                0x0000000000021f44                __gnu_thumb1_case_uqi
 .text          0x0000000000021f58      0x114 /usr/local/Cellar/arm-none-eabi-gcc/5.0-2016-q1-update/bin/../lib/gcc/arm-none-eabi/5.3.1/armv6-m/libgcc.a(_udivsi3.o)
                0x0000000000021f58                __udivsi3
                0x0000000000021f58                __aeabi_uidiv
                0x0000000000022064                __aeabi_uidivmod
 .text          0x000000000002206c      0x1d4 /usr/local/Cellar/arm-none-eabi-gcc/5.0-2016-q1-update/bin/../lib/gcc/arm-none-eabi/5.3.1/armv6-m/libgcc.a(_divsi3.o)
                0x000000000002206c                __aeabi_idiv
                0x000000000002206c                __divsi3
                0x0000000000022238                __aeabi_idivmod
 .text          0x0000000000022240        0x4 /usr/local/Cellar/arm-none-eabi-gcc/5.0-2016-q1-update/bin/../lib/gcc/arm-none-eabi/5.3.1/armv6-m/libgcc.a(_dvmd_tls.o)
                0x0000000000022240                __aeabi_ldiv0
                0x0000000000022240                __aeabi_idiv0
 .text          0x0000000000022244       0x40 /usr/local/Cellar/arm-none-eabi-gcc/5.0-2016-q1-update/bin/../lib/gcc/arm-none-eabi/5.3.1/armv6-m/libgcc.a(_aeabi_uldivmod.o)
                0x0000000000022244                __aeabi_uldivmod
 .text          0x0000000000022284       0x58 /usr/local/Cellar/arm-none-eabi-gcc/5.0-2016-q1-update/bin/../lib/gcc/arm-none-eabi/5.3.1/armv6-m/libgcc.a(_muldi3.o)
                0x0000000000022284                __aeabi_lmul
                0x0000000000022284                __muldi3
 .text          0x00000000000222dc      0x180 /usr/local/Cellar/arm-none-eabi-gcc/5.0-2016-q1-update/bin/../lib/gcc/arm-none-eabi/5.3.1/armv6-m/libgcc.a(_udivmoddi4.o)
                0x00000000000222dc                __udivmoddi4
 .text          0x000000000002245c       0x3c /usr/local/Cellar/arm-none-eabi-gcc/5.0-2016-q1-update/bin/../lib/gcc/arm-none-eabi/5.3.1/armv6-m/libgcc.a(_clzsi2.o)
                0x000000000002245c                __clzsi2
 .text          0x0000000000022498       0x18 /usr/local/Cellar/arm-none-eabi-gcc/5.0-2016-q1-update/bin/../lib/gcc/arm-none-eabi/5.3.1/armv6-m/libgcc.a(_clzdi2.o)
                0x0000000000022498                __clzdi2
 .text.__cxa_atexit
                0x00000000000224b0       0x1c /usr/local/Cellar/arm-none-eabi-gcc/5.0-2016-q1-update/bin/../lib/gcc/arm-none-eabi/5.3.1/../../../../arm-none-eabi/lib/armv6-m/libc_nano.a(lib_a-cxa_atexit.o)
                0x00000000000224b0                __cxa_atexit
 .text.__errno  0x00000000000224cc        0xc /usr/local/Cellar/arm-none-eabi-gcc/5.0-2016-q1-update/bin/../lib/gcc/arm-none-eabi/5.3.1/../../../../arm-none-eabi/lib/armv6-m/libc_nano.a(lib_a-errno.o)
                0x00000000000224cc                __errno
 .text.__libc_init_array
                0x00000000000224d8       0x4c /usr/local/Cellar/arm-none-eabi-gcc/5.0-2016-q1-update/bin/../lib/gcc/arm-none-eabi/5.3.1/../../../../arm-none-eabi/lib/armv6-m/libc_nano.a(lib_a-init.o)
                0x00000000000224d8                __libc_init_array
 .text.malloc   0x0000000000022524       0x14 /usr/local/Cellar/arm-none-eabi-gcc/5.0-2016-q1-update/bin/../lib/gcc/arm-none-eabi/5.3.1/../../../../arm-none-eabi/lib/armv6-m/libc_nano.a(lib_a-malloc.o)
                0x0000000000022524                malloc
 .text.free     0x0000000000022538       0x14 /usr/local/Cellar/arm-none-eabi-gcc/5.0-2016-q1-update/bin/../lib/gcc/arm-none-eabi/5.3.1/../../../../arm-none-eabi/lib/armv6-m/libc_nano.a(lib_a-malloc.o)
                0x0000000000022538                free
 .text._printf_float
                0x000000000002254c      0x4a0 /usr/local/Cellar/arm-none-eabi-gcc/5.0-2016-q1-update/bin/../lib/gcc/arm-none-eabi/5.3.1/../../../../arm-none-eabi/lib/armv6-m/libc_nano.a(lib_a-nano-vfprintf_float.o)
                0x000000000002254c                _printf_float
 .text._printf_i
                0x00000000000229ec      0x244 /usr/local/Cellar/arm-none-eabi-gcc/5.0-2016-q1-update/bin/../lib/gcc/arm-none-eabi/5.3.1/../../../../arm-none-eabi/lib/armv6-m/libc_nano.a(lib_a-nano-vfprintf_i.o)
                0x00000000000229ec                _printf_i
 .text.raise    0x0000000000022c30       0x14 /usr/local/Cellar/arm-none-eabi-gcc/5.0-2016-q1-update/bin/../lib/gcc/arm-none-eabi/5.3.1/../../../../arm-none-eabi/lib/armv6-m/libc_nano.a(lib_a-signal.o)
                0x0000000000022c30                raise
 .text._kill_r  0x0000000000022c44       0x24 /usr/local/Cellar/arm-none-eabi-gcc/5.0-2016-q1-update/bin/../lib/gcc/arm-none-eabi/5.3.1/../../../../arm-none-eabi/lib/armv6-m/libc_nano.a(lib_a-signalr.o)
                0x0000000000022c44                _kill_r
 .text.snprintf
                0x0000000000022c68       0x64 /usr/local/Cellar/arm-none-eabi-gcc/5.0-2016-q1-update/bin/../lib/gcc/arm-none-eabi/5.3.1/../../../../arm-none-eabi/lib/armv6-m/libc_nano.a(lib_a-snprintf.o)
                0x0000000000022c68                snprintf
                0x0000000000022c68                sniprintf
 .text._dtoa_r  0x0000000000022ccc      0xb8c /usr/local/Cellar/arm-none-eabi-gcc/5.0-2016-q1-update/bin/../lib/gcc/arm-none-eabi/5.3.1/../../../../arm-none-eabi/lib/armv6-m/libc_nano.a(lib_a-dtoa.o)
                0x0000000000022ccc                _dtoa_r
 .text._localeconv_r
                0x0000000000023858        0x8 /usr/local/Cellar/arm-none-eabi-gcc/5.0-2016-q1-update/bin/../lib/gcc/arm-none-eabi/5.3.1/../../../../arm-none-eabi/lib/armv6-m/libc_nano.a(lib_a-locale.o)
                0x0000000000023858                _localeconv_r
 .text.__pow5mult
                0x0000000000023860       0xa8 /usr/local/Cellar/arm-none-eabi-gcc/5.0-2016-q1-update/bin/../lib/gcc/arm-none-eabi/5.3.1/../../../../arm-none-eabi/lib/armv6-m/libc_nano.a(lib_a-mprec.o)
                0x0000000000023860                __pow5mult
 .text.__d2b    0x0000000000023908       0xa8 /usr/local/Cellar/arm-none-eabi-gcc/5.0-2016-q1-update/bin/../lib/gcc/arm-none-eabi/5.3.1/../../../../arm-none-eabi/lib/armv6-m/libc_nano.a(lib_a-mprec.o)
                0x0000000000023908                __d2b
 .text.__ssputs_r
                0x00000000000239b0       0xc4 /usr/local/Cellar/arm-none-eabi-gcc/5.0-2016-q1-update/bin/../lib/gcc/arm-none-eabi/5.3.1/../../../../arm-none-eabi/lib/armv6-m/libc_nano.a(lib_a-nano-svfprintf.o)
                0x00000000000239b0                __ssputs_r
 .text._svfprintf_r
                0x0000000000023a74      0x1fc /usr/local/Cellar/arm-none-eabi-gcc/5.0-2016-q1-update/bin/../lib/gcc/arm-none-eabi/5.3.1/../../../../arm-none-eabi/lib/armv6-m/libc_nano.a(lib_a-nano-svfprintf.o)
                0x0000000000023a74                _svfprintf_r
                0x0000000000023a74                _svfiprintf_r
 .text          0x0000000000023c70       0x7c /usr/local/Cellar/arm-none-eabi-gcc/5.0-2016-q1-update/bin/../lib/gcc/arm-none-eabi/5.3.1/armv6-m/libgcc.a(_arm_cmpdf2.o)
                0x0000000000023c70                __aeabi_cdrcmple
                0x0000000000023c80                __aeabi_cdcmple
                0x0000000000023c80                __aeabi_cdcmpeq
                0x0000000000023c90                __aeabi_dcmpeq
                0x0000000000023c9c                __aeabi_dcmplt
                0x0000000000023cb0                __aeabi_dcmple
                0x0000000000023cc4                __aeabi_dcmpgt
                0x0000000000023cd8                __aeabi_dcmpge
 .text          0x0000000000023cec      0x658 /usr/local/Cellar/arm-none-eabi-gcc/5.0-2016-q1-update/bin/../lib/gcc/arm-none-eabi/5.3.1/armv6-m/libgcc.a(adddf3.o)
                0x0000000000023cec                __aeabi_dadd
 .text          0x0000000000024344      0x62c /usr/local/Cellar/arm-none-eabi-gcc/5.0-2016-q1-update/bin/../lib/gcc/arm-none-eabi/5.3.1/armv6-m/libgcc.a(divdf3.o)
                0x0000000000024344                __aeabi_ddiv
 .text          0x0000000000024970       0x80 /usr/local/Cellar/arm-none-eabi-gcc/5.0-2016-q1-update/bin/../lib/gcc/arm-none-eabi/5.3.1/armv6-m/libgcc.a(eqdf2.o)
                0x0000000000024970                __eqdf2
                0x0000000000024970                __nedf2
 .text          0x00000000000249f0       0xc8 /usr/local/Cellar/arm-none-eabi-gcc/5.0-2016-q1-update/bin/../lib/gcc/arm-none-eabi/5.3.1/armv6-m/libgcc.a(gedf2.o)
                0x00000000000249f0                __gtdf2
                0x00000000000249f0                __gedf2
 .text          0x0000000000024ab8       0xd4 /usr/local/Cellar/arm-none-eabi-gcc/5.0-2016-q1-update/bin/../lib/gcc/arm-none-eabi/5.3.1/armv6-m/libgcc.a(ledf2.o)
                0x0000000000024ab8                __ltdf2
                0x0000000000024ab8                __ledf2
 .text          0x0000000000024b8c      0x4f4 /usr/local/Cellar/arm-none-eabi-gcc/5.0-2016-q1-update/bin/../lib/gcc/arm-none-eabi/5.3.1/armv6-m/libgcc.a(muldf3.o)
                0x0000000000024b8c                __aeabi_dmul
 .text          0x0000000000025080      0x6a8 /usr/local/Cellar/arm-none-eabi-gcc/5.0-2016-q1-update/bin/../lib/gcc/arm-none-eabi/5.3.1/armv6-m/libgcc.a(subdf3.o)
                0x0000000000025080                __aeabi_dsub
 .text          0x0000000000025728       0x40 /usr/local/Cellar/arm-none-eabi-gcc/5.0-2016-q1-update/bin/../lib/gcc/arm-none-eabi/5.3.1/armv6-m/libgcc.a(unorddf2.o)
                0x0000000000025728                __aeabi_dcmpun
 .text          0x0000000000025768       0x6c /usr/local/Cellar/arm-none-eabi-gcc/5.0-2016-q1-update/bin/../lib/gcc/arm-none-eabi/5.3.1/armv6-m/libgcc.a(fixdfsi.o)
                0x0000000000025768                __aeabi_d2iz
 .text          0x00000000000257d4       0x84 /usr/local/Cellar/arm-none-eabi-gcc/5.0-2016-q1-update/bin/../lib/gcc/arm-none-eabi/5.3.1/armv6-m/libgcc.a(floatsidf.o)
                0x00000000000257d4                __aeabi_i2d
 .text          0x0000000000025858       0x70 /usr/local/Cellar/arm-none-eabi-gcc/5.0-2016-q1-update/bin/../lib/gcc/arm-none-eabi/5.3.1/armv6-m/libgcc.a(floatunsidf.o)
                0x0000000000025858                __aeabi_ui2d
 .text.mbed_sbrk
                0x00000000000258c8       0x80 ym/core-util/source/core-util.a(sbrk.cpp.o)
                0x00000000000258c8                mbed_sbrk
 .text.mbed_krbs_ex
                0x0000000000025948       0x88 ym/core-util/source/core-util.a(sbrk.cpp.o)
                0x0000000000025948                mbed_krbs_ex
 .text._ZN4mbed4util19FunctionPointerBaseIvE15_null_copy_argsEPvS3_
                0x00000000000259d0        0x2 source/CMakeFiles/blinky.dir/Users/jax/Documents/Developer/SmartCar/mbed/playground/blinky/source/app.cpp.o
                0x00000000000259d0                mbed::util::FunctionPointerBase<void>::_null_copy_args(void*, void*)
 .text._ZN4mbed4util19FunctionPointerBaseIvE16_null_destructorEPv
                0x00000000000259d2        0x2 source/CMakeFiles/blinky.dir/Users/jax/Documents/Developer/SmartCar/mbed/playground/blinky/source/app.cpp.o
                0x00000000000259d2                mbed::util::FunctionPointerBase<void>::_null_destructor(void*)
 .text._ZN4mbed4util16FunctionPointer0IvE12staticcallerEPvPcS3_
                0x00000000000259d4        0x6 source/CMakeFiles/blinky.dir/Users/jax/Documents/Developer/SmartCar/mbed/playground/blinky/source/app.cpp.o
                0x00000000000259d4                mbed::util::FunctionPointer0<void>::staticcaller(void*, char*, void*)
 .text._ZN26FunctionPointerWithContextIP27GattWriteAuthCallbackParamsE14functioncallerEPKS2_S1_
                0x00000000000259da        0xe source/CMakeFiles/blinky.dir/Users/jax/Documents/Developer/SmartCar/mbed/playground/blinky/source/app.cpp.o
                0x00000000000259da                FunctionPointerWithContext<GattWriteAuthCallbackParams*>::functioncaller(FunctionPointerWithContext<GattWriteAuthCallbackParams*> const*, GattWriteAuthCallbackParams*)
 .text._ZN26FunctionPointerWithContextIP26GattReadAuthCallbackParamsE14functioncallerEPKS2_S1_
                0x00000000000259e8        0xe source/CMakeFiles/blinky.dir/Users/jax/Documents/Developer/SmartCar/mbed/playground/blinky/source/app.cpp.o
                0x00000000000259e8                FunctionPointerWithContext<GattReadAuthCallbackParams*>::functioncaller(FunctionPointerWithContext<GattReadAuthCallbackParams*> const*, GattReadAuthCallbackParams*)
 .text._ZN26FunctionPointerWithContextIPN3BLE37InitializationCompleteCallbackContextEE14functioncallerEPKS3_S2_
                0x00000000000259f6        0xe source/CMakeFiles/blinky.dir/Users/jax/Documents/Developer/SmartCar/mbed/playground/blinky/source/app.cpp.o
                0x00000000000259f6                FunctionPointerWithContext<BLE::InitializationCompleteCallbackContext*>::functioncaller(FunctionPointerWithContext<BLE::InitializationCompleteCallbackContext*> const*, BLE::InitializationCompleteCallbackContext*)
 .text._ZN26FunctionPointerWithContextIPK23GattWriteCallbackParamsE14functioncallerEPKS3_S2_
                0x0000000000025a04        0xe source/CMakeFiles/blinky.dir/Users/jax/Documents/Developer/SmartCar/mbed/playground/blinky/source/app.cpp.o
                0x0000000000025a04                FunctionPointerWithContext<GattWriteCallbackParams const*>::functioncaller(FunctionPointerWithContext<GattWriteCallbackParams const*> const*, GattWriteCallbackParams const*)
 .text._ZN26FunctionPointerWithContextIPKN3Gap29DisconnectionCallbackParams_tEE14functioncallerEPKS4_S3_
                0x0000000000025a12        0xe source/CMakeFiles/blinky.dir/Users/jax/Documents/Developer/SmartCar/mbed/playground/blinky/source/app.cpp.o
                0x0000000000025a12                FunctionPointerWithContext<Gap::DisconnectionCallbackParams_t const*>::functioncaller(FunctionPointerWithContext<Gap::DisconnectionCallbackParams_t const*> const*, Gap::DisconnectionCallbackParams_t const*)
 .text._ZN4mbed4util16FunctionPointer0IvED2Ev
                0x0000000000025a20        0x2 source/CMakeFiles/blinky.dir/Users/jax/Documents/Developer/SmartCar/mbed/playground/blinky/source/app.cpp.o
                0x0000000000025a20                mbed::util::FunctionPointer0<void>::~FunctionPointer0()
                0x0000000000025a20                mbed::util::FunctionPointer0<void>::~FunctionPointer0()
 .text._ZN4mbed4util19FunctionPointerBaseIvE5clearEv
                0x0000000000025a22       0x12 source/CMakeFiles/blinky.dir/Users/jax/Documents/Developer/SmartCar/mbed/playground/blinky/source/app.cpp.o
                0x0000000000025a22                mbed::util::FunctionPointerBase<void>::clear()
 .text._ZN4mbed4util16FunctionPointer0IvED0Ev
                0x0000000000025a34        0xc source/CMakeFiles/blinky.dir/Users/jax/Documents/Developer/SmartCar/mbed/playground/blinky/source/app.cpp.o
                0x0000000000025a34                mbed::util::FunctionPointer0<void>::~FunctionPointer0()
 .text._ZN4mbed4util19FunctionPointerBindIvED0Ev
                0x0000000000025a40       0x12 source/CMakeFiles/blinky.dir/Users/jax/Documents/Developer/SmartCar/mbed/playground/blinky/source/app.cpp.o
                0x0000000000025a40                mbed::util::FunctionPointerBind<void>::~FunctionPointerBind()
 .text._ZN18GapAdvertisingData11appendFieldENS_10DataType_tEPKhh
                0x0000000000025a52       0x3c source/CMakeFiles/blinky.dir/Users/jax/Documents/Developer/SmartCar/mbed/playground/blinky/source/app.cpp.o
                0x0000000000025a52                GapAdvertisingData::appendField(GapAdvertisingData::DataType_t, unsigned char const*, unsigned char)
 .text._ZN3Gap16startAdvertisingEv
                0x0000000000025a8e       0x1c source/CMakeFiles/blinky.dir/Users/jax/Documents/Developer/SmartCar/mbed/playground/blinky/source/app.cpp.o
                0x0000000000025a8e                Gap::startAdvertising()
 .text._Z21disconnectionCallbackPKN3Gap29DisconnectionCallbackParams_tE
                0x0000000000025aaa       0x12 source/CMakeFiles/blinky.dir/Users/jax/Documents/Developer/SmartCar/mbed/playground/blinky/source/app.cpp.o
                0x0000000000025aaa                disconnectionCallback(Gap::DisconnectionCallbackParams_t const*)
 .text._ZN3Gap28accumulateAdvertisingPayloadEh
                0x0000000000025abc       0x4c source/CMakeFiles/blinky.dir/Users/jax/Documents/Developer/SmartCar/mbed/playground/blinky/source/app.cpp.o
                0x0000000000025abc                Gap::accumulateAdvertisingPayload(unsigned char)
 .text._ZN3Gap28accumulateAdvertisingPayloadEN18GapAdvertisingData10DataType_tEPKhh
                0x0000000000025b08       0x4c source/CMakeFiles/blinky.dir/Users/jax/Documents/Developer/SmartCar/mbed/playground/blinky/source/app.cpp.o
                0x0000000000025b08                Gap::accumulateAdvertisingPayload(GapAdvertisingData::DataType_t, unsigned char const*, unsigned char)
 .text._ZN4mbed4util16FunctionPointer2IviPPcE16copy_constructorEPvS5_
                0x0000000000025b54        0xe ym/mbed-drivers/source/mbed-drivers.a(retarget.cpp.o)
                0x0000000000025b54                mbed::util::FunctionPointer2<void, int, char**>::copy_constructor(void*, void*)
 .text._ZN4mbed4util16FunctionPointer2IviPPcE10destructorEPv
                0x0000000000025b62        0x2 ym/mbed-drivers/source/mbed-drivers.a(retarget.cpp.o)
                0x0000000000025b62                mbed::util::FunctionPointer2<void, int, char**>::destructor(void*)
 .text._ZN4mbed4util16FunctionPointer2IviPPcE12staticcallerEPvS2_S5_
                0x0000000000025b64        0xa ym/mbed-drivers/source/mbed-drivers.a(retarget.cpp.o)
                0x0000000000025b64                mbed::util::FunctionPointer2<void, int, char**>::staticcaller(void*, char*, void*)
 .text.__cxa_pure_virtual
                0x0000000000025b6e        0x8 ym/mbed-drivers/source/mbed-drivers.a(retarget.cpp.o)
                0x0000000000025b6e                __cxa_pure_virtual
 .text.__wrap_main
                0x0000000000025b76        0xc ym/mbed-drivers/source/mbed-drivers.a(retarget.cpp.o)
                0x0000000000025b76                __wrap_main
 .text._exit    0x0000000000025b82        0x4 ym/mbed-drivers/source/mbed-drivers.a(retarget.cpp.o)
                0x0000000000025b82                _exit
 .text._kill    0x0000000000025b86       0x10 ym/mbed-drivers/source/mbed-drivers.a(retarget.cpp.o)
                0x0000000000025b86                _kill
 .text._getpid  0x0000000000025b96        0x4 ym/mbed-drivers/source/mbed-drivers.a(retarget.cpp.o)
                0x0000000000025b96                _getpid
 .text.error    0x0000000000025b9a        0xa ym/mbed-drivers/source/mbed-drivers.a(error.c.o)
                0x0000000000025b9a                error
 .text._gpio_init_out.part.1
                0x0000000000025ba4       0x26 ym/mbed-drivers/source/mbed-drivers.a(gpio.c.o)
 .text.gpio_init_out_ex
                0x0000000000025bca       0x1c ym/mbed-drivers/source/mbed-drivers.a(gpio.c.o)
                0x0000000000025bca                gpio_init_out_ex
 .text.gpio_init_out
                0x0000000000025be6        0xa ym/mbed-drivers/source/mbed-drivers.a(gpio.c.o)
                0x0000000000025be6                gpio_init_out
 .text.exit     0x0000000000025bf0        0xc ym/mbed-drivers/source/mbed-drivers.a(exit.c.o)
                0x0000000000025bf0                exit
 .text.wait_us  0x0000000000025bfc       0x16 ym/mbed-drivers/source/mbed-drivers.a(wait_api.c.o)
                0x0000000000025bfc                wait_us
 .text.wait_ms  0x0000000000025c12        0xe ym/mbed-drivers/source/mbed-drivers.a(wait_api.c.o)
                0x0000000000025c12                wait_ms
 .text.mbed_die
                0x0000000000025c20       0x66 ym/mbed-drivers/source/mbed-drivers.a(board.c.o)
                0x0000000000025c20                mbed_die
 .text._ZN3BLE18initImplementationE26FunctionPointerWithContextIPNS_37InitializationCompleteCallbackContextEE
                0x0000000000025c86       0x2e ym/ble/source/ble.a(BLE.cpp.o)
                0x0000000000025c86                BLE::initImplementation(FunctionPointerWithContext<BLE::InitializationCompleteCallbackContext*>)
 .text._ZNK9SafeBool_4base7trueTagEv
                0x0000000000025cb4        0x2 ym/ble-nrf51822/source/ble-nrf51822.a(nRF5xn.cpp.o)
                0x0000000000025cb4                SafeBool_::base::trueTag() const
 .text._ZN3Gap10setAddressEN11BLEProtocol11AddressType4TypeEPKh
                0x0000000000025cb6        0x4 ym/ble-nrf51822/source/ble-nrf51822.a(nRF5xn.cpp.o)
                0x0000000000025cb6                Gap::setAddress(BLEProtocol::AddressType::Type, unsigned char const*)
 .text._ZN3Gap10getAddressEPN11BLEProtocol11AddressType4TypeEPh
                0x0000000000025cba        0x4 ym/ble-nrf51822/source/ble-nrf51822.a(nRF5xn.cpp.o)
                0x0000000000025cba                Gap::getAddress(BLEProtocol::AddressType::Type*, unsigned char*)
 .text._ZNK3Gap25getMinAdvertisingIntervalEv
                0x0000000000025cbe        0x4 ym/ble-nrf51822/source/ble-nrf51822.a(nRF5xn.cpp.o)
                0x0000000000025cbe                Gap::getMinAdvertisingInterval() const
 .text._ZNK3Gap39getMinNonConnectableAdvertisingIntervalEv
                0x0000000000025cc2        0x4 ym/ble-nrf51822/source/ble-nrf51822.a(nRF5xn.cpp.o)
                0x0000000000025cc2                Gap::getMinNonConnectableAdvertisingInterval() const
 .text._ZN3Gap15stopAdvertisingEv
                0x0000000000025cc6        0x4 ym/ble-nrf51822/source/ble-nrf51822.a(nRF5xn.cpp.o)
                0x0000000000025cc6                Gap::stopAdvertising()
 .text._ZN3Gap8stopScanEv
                0x0000000000025cca        0x4 ym/ble-nrf51822/source/ble-nrf51822.a(nRF5xn.cpp.o)
                0x0000000000025cca                Gap::stopScan()
 .text._ZN3Gap7connectEPKhN11BLEProtocol11AddressType4TypeEPKNS_18ConnectionParams_tEPK17GapScanningParams
                0x0000000000025cce        0x4 ym/ble-nrf51822/source/ble-nrf51822.a(nRF5xn.cpp.o)
                0x0000000000025cce                Gap::connect(unsigned char const*, BLEProtocol::AddressType::Type, Gap::ConnectionParams_t const*, GapScanningParams const*)
 .text._ZN3Gap10disconnectEtNS_21DisconnectionReason_tE
                0x0000000000025cd2        0x4 ym/ble-nrf51822/source/ble-nrf51822.a(nRF5xn.cpp.o)
                0x0000000000025cd2                Gap::disconnect(unsigned short, Gap::DisconnectionReason_t)
 .text._ZN3Gap10disconnectENS_21DisconnectionReason_tE
                0x0000000000025cd6        0x4 ym/ble-nrf51822/source/ble-nrf51822.a(nRF5xn.cpp.o)
                0x0000000000025cd6                Gap::disconnect(Gap::DisconnectionReason_t)
 .text._ZN3Gap28getPreferredConnectionParamsEPNS_18ConnectionParams_tE
                0x0000000000025cda        0x4 ym/ble-nrf51822/source/ble-nrf51822.a(nRF5xn.cpp.o)
                0x0000000000025cda                Gap::getPreferredConnectionParams(Gap::ConnectionParams_t*)
 .text._ZN3Gap28setPreferredConnectionParamsEPKNS_18ConnectionParams_tE
                0x0000000000025cde        0x4 ym/ble-nrf51822/source/ble-nrf51822.a(nRF5xn.cpp.o)
                0x0000000000025cde                Gap::setPreferredConnectionParams(Gap::ConnectionParams_t const*)
 .text._ZN3Gap22updateConnectionParamsEtPKNS_18ConnectionParams_tE
                0x0000000000025ce2        0x4 ym/ble-nrf51822/source/ble-nrf51822.a(nRF5xn.cpp.o)
                0x0000000000025ce2                Gap::updateConnectionParams(unsigned short, Gap::ConnectionParams_t const*)
 .text._ZN3Gap13setDeviceNameEPKh
                0x0000000000025ce6        0x4 ym/ble-nrf51822/source/ble-nrf51822.a(nRF5xn.cpp.o)
                0x0000000000025ce6                Gap::setDeviceName(unsigned char const*)
 .text._ZN3Gap13getDeviceNameEPhPj
                0x0000000000025cea        0x4 ym/ble-nrf51822/source/ble-nrf51822.a(nRF5xn.cpp.o)
                0x0000000000025cea                Gap::getDeviceName(unsigned char*, unsigned int*)
 .text._ZN3Gap13setAppearanceEN18GapAdvertisingData12Appearance_tE
                0x0000000000025cee        0x4 ym/ble-nrf51822/source/ble-nrf51822.a(nRF5xn.cpp.o)
                0x0000000000025cee                Gap::setAppearance(GapAdvertisingData::Appearance_t)
 .text._ZN3Gap13getAppearanceEPN18GapAdvertisingData12Appearance_tE
                0x0000000000025cf2        0x4 ym/ble-nrf51822/source/ble-nrf51822.a(nRF5xn.cpp.o)
                0x0000000000025cf2                Gap::getAppearance(GapAdvertisingData::Appearance_t*)
 .text._ZN3Gap10setTxPowerEa
                0x0000000000025cf6        0x4 ym/ble-nrf51822/source/ble-nrf51822.a(nRF5xn.cpp.o)
                0x0000000000025cf6                Gap::setTxPower(signed char)
 .text._ZN3Gap25getPermittedTxPowerValuesEPPKaPj
                0x0000000000025cfa        0x6 ym/ble-nrf51822/source/ble-nrf51822.a(nRF5xn.cpp.o)
                0x0000000000025cfa                Gap::getPermittedTxPowerValues(signed char const**, unsigned int*)
 .text._ZNK3Gap19getMaxWhitelistSizeEv
                0x0000000000025d00        0x4 ym/ble-nrf51822/source/ble-nrf51822.a(nRF5xn.cpp.o)
                0x0000000000025d00                Gap::getMaxWhitelistSize() const
 .text._ZNK3Gap12getWhitelistERNS_11Whitelist_tE
                0x0000000000025d04        0x4 ym/ble-nrf51822/source/ble-nrf51822.a(nRF5xn.cpp.o)
                0x0000000000025d04                Gap::getWhitelist(Gap::Whitelist_t&) const
 .text._ZN3Gap12setWhitelistERKNS_11Whitelist_tE
                0x0000000000025d08        0x4 ym/ble-nrf51822/source/ble-nrf51822.a(nRF5xn.cpp.o)
                0x0000000000025d08                Gap::setWhitelist(Gap::Whitelist_t const&)
 .text._ZN3Gap24setAdvertisingPolicyModeENS_23AdvertisingPolicyMode_tE
                0x0000000000025d0c        0x4 ym/ble-nrf51822/source/ble-nrf51822.a(nRF5xn.cpp.o)
                0x0000000000025d0c                Gap::setAdvertisingPolicyMode(Gap::AdvertisingPolicyMode_t)
 .text._ZN3Gap21setScanningPolicyModeENS_20ScanningPolicyMode_tE
                0x0000000000025d10        0x4 ym/ble-nrf51822/source/ble-nrf51822.a(nRF5xn.cpp.o)
                0x0000000000025d10                Gap::setScanningPolicyMode(Gap::ScanningPolicyMode_t)
 .text._ZN3Gap22setInitiatorPolicyModeENS_21InitiatorPolicyMode_tE
                0x0000000000025d14        0x4 ym/ble-nrf51822/source/ble-nrf51822.a(nRF5xn.cpp.o)
                0x0000000000025d14                Gap::setInitiatorPolicyMode(Gap::InitiatorPolicyMode_t)
 .text._ZNK3Gap24getAdvertisingPolicyModeEv
                0x0000000000025d18        0x4 ym/ble-nrf51822/source/ble-nrf51822.a(nRF5xn.cpp.o)
                0x0000000000025d18                Gap::getAdvertisingPolicyMode() const
 .text._ZNK3Gap21getScanningPolicyModeEv
                0x0000000000025d1c        0x4 ym/ble-nrf51822/source/ble-nrf51822.a(nRF5xn.cpp.o)
                0x0000000000025d1c                Gap::getScanningPolicyMode() const
 .text._ZNK3Gap22getInitiatorPolicyModeEv
                0x0000000000025d20        0x4 ym/ble-nrf51822/source/ble-nrf51822.a(nRF5xn.cpp.o)
                0x0000000000025d20                Gap::getInitiatorPolicyMode() const
 .text._ZN3Gap14startRadioScanERK17GapScanningParams
                0x0000000000025d24        0x4 ym/ble-nrf51822/source/ble-nrf51822.a(nRF5xn.cpp.o)
                0x0000000000025d24                Gap::startRadioScan(GapScanningParams const&)
 .text._ZN3Gap21initRadioNotificationEv
                0x0000000000025d28        0x4 ym/ble-nrf51822/source/ble-nrf51822.a(nRF5xn.cpp.o)
                0x0000000000025d28                Gap::initRadioNotification()
 .text._ZN15SecurityManager24onSecuritySetupInitiatedEPFvtbbNS_24SecurityIOCapabilities_tEE
                0x0000000000025d2c        0x4 ym/ble-nrf51822/source/ble-nrf51822.a(nRF5xn.cpp.o)
                0x0000000000025d2c                SecurityManager::onSecuritySetupInitiated(void (*)(unsigned short, bool, bool, SecurityManager::SecurityIOCapabilities_t))
 .text._ZN15SecurityManager24onSecuritySetupCompletedEPFvtNS_26SecurityCompletionStatus_tEE
                0x0000000000025d30        0x4 ym/ble-nrf51822/source/ble-nrf51822.a(nRF5xn.cpp.o)
                0x0000000000025d30                SecurityManager::onSecuritySetupCompleted(void (*)(unsigned short, SecurityManager::SecurityCompletionStatus_t))
 .text._ZN15SecurityManager13onLinkSecuredEPFvtNS_14SecurityMode_tEE
                0x0000000000025d34        0x4 ym/ble-nrf51822/source/ble-nrf51822.a(nRF5xn.cpp.o)
                0x0000000000025d34                SecurityManager::onLinkSecured(void (*)(unsigned short, SecurityManager::SecurityMode_t))
 .text._ZN15SecurityManager23onSecurityContextStoredEPFvtE
                0x0000000000025d38        0x4 ym/ble-nrf51822/source/ble-nrf51822.a(nRF5xn.cpp.o)
                0x0000000000025d38                SecurityManager::onSecurityContextStored(void (*)(unsigned short))
 .text._ZN15SecurityManager16onPasskeyDisplayEPFvtPKhE
                0x0000000000025d3c        0x4 ym/ble-nrf51822/source/ble-nrf51822.a(nRF5xn.cpp.o)
                0x0000000000025d3c                SecurityManager::onPasskeyDisplay(void (*)(unsigned short, unsigned char const*))
 .text._ZN10GattServer10addServiceER11GattService
                0x0000000000025d40        0x4 ym/ble-nrf51822/source/ble-nrf51822.a(nRF5xn.cpp.o)
                0x0000000000025d40                GattServer::addService(GattService&)
 .text._ZN10GattServer4readEtPhPt
                0x0000000000025d44        0x4 ym/ble-nrf51822/source/ble-nrf51822.a(nRF5xn.cpp.o)
                0x0000000000025d44                GattServer::read(unsigned short, unsigned char*, unsigned short*)
 .text._ZN10GattServer4readEttPhPt
                0x0000000000025d48        0x4 ym/ble-nrf51822/source/ble-nrf51822.a(nRF5xn.cpp.o)
                0x0000000000025d48                GattServer::read(unsigned short, unsigned short, unsigned char*, unsigned short*)
 .text._ZN10GattServer5writeEtPKhtb
                0x0000000000025d4c        0x4 ym/ble-nrf51822/source/ble-nrf51822.a(nRF5xn.cpp.o)
                0x0000000000025d4c                GattServer::write(unsigned short, unsigned char const*, unsigned short, bool)
 .text._ZN10GattServer5writeEttPKhtb
                0x0000000000025d50        0x4 ym/ble-nrf51822/source/ble-nrf51822.a(nRF5xn.cpp.o)
                0x0000000000025d50                GattServer::write(unsigned short, unsigned short, unsigned char const*, unsigned short, bool)
 .text._ZN10GattServer17areUpdatesEnabledERK18GattCharacteristicPb
                0x0000000000025d54        0x4 ym/ble-nrf51822/source/ble-nrf51822.a(nRF5xn.cpp.o)
                0x0000000000025d54                GattServer::areUpdatesEnabled(GattCharacteristic const&, bool*)
 .text._ZN10GattServer17areUpdatesEnabledEtRK18GattCharacteristicPb
                0x0000000000025d58        0x4 ym/ble-nrf51822/source/ble-nrf51822.a(nRF5xn.cpp.o)
                0x0000000000025d58                GattServer::areUpdatesEnabled(unsigned short, GattCharacteristic const&, bool*)
 .text._ZNK10GattServer21isOnDataReadAvailableEv
                0x0000000000025d5c        0x4 ym/ble-nrf51822/source/ble-nrf51822.a(nRF5xn.cpp.o)
                0x0000000000025d5c                GattServer::isOnDataReadAvailable() const
 .text._ZN10GattClient16discoverServicesEt26FunctionPointerWithContextIPK17DiscoveredServiceEtt
                0x0000000000025d60        0x4 ym/ble-nrf51822/source/ble-nrf51822.a(nRF5xn.cpp.o)
                0x0000000000025d60                GattClient::discoverServices(unsigned short, FunctionPointerWithContext<DiscoveredService const*>, unsigned short, unsigned short)
 .text._ZNK10GattClient41isCharacteristicDescriptorDiscoveryActiveERK24DiscoveredCharacteristic
                0x0000000000025d64        0x4 ym/ble-nrf51822/source/ble-nrf51822.a(nRF5xn.cpp.o)
                0x0000000000025d64                GattClient::isCharacteristicDescriptorDiscoveryActive(DiscoveredCharacteristic const&) const
 .text._ZN10GattClient42terminateCharacteristicDescriptorDiscoveryERK24DiscoveredCharacteristic
                0x0000000000025d68        0x2 ym/ble-nrf51822/source/ble-nrf51822.a(nRF5xn.cpp.o)
                0x0000000000025d68                GattClient::terminateCharacteristicDescriptorDiscovery(DiscoveredCharacteristic const&)
 .text._ZL38sd_ble_gattc_primary_services_discoverttPK10ble_uuid_t
                0x0000000000025d6a        0x4 ym/ble-nrf51822/source/ble-nrf51822.a(nRF5xn.cpp.o)
 .text._ZL18sd_ble_version_getP13ble_version_t
                0x0000000000025d6e        0x4 ym/ble-nrf51822/source/ble-nrf51822.a(nRF5xn.cpp.o)
 .text._ZL15sd_app_evt_waitv
                0x0000000000025d72        0x4 ym/ble-nrf51822/source/ble-nrf51822.a(nRF5xn.cpp.o)
 .text._ZNK21nRF5xServiceDiscovery8isActiveEv
                0x0000000000025d76        0xc ym/ble-nrf51822/source/ble-nrf51822.a(nRF5xn.cpp.o)
                0x0000000000025d76                nRF5xServiceDiscovery::isActive() const
 .text._ZNK6nRF5xn14hasInitializedEv
                0x0000000000025d82        0x4 ym/ble-nrf51822/source/ble-nrf51822.a(nRF5xn.cpp.o)
                0x0000000000025d82                nRF5xn::hasInitialized() const
 .text._ZN6nRF5xn6getGapEv
                0x0000000000025d86        0x4 ym/ble-nrf51822/source/ble-nrf51822.a(nRF5xn.cpp.o)
                0x0000000000025d86                nRF5xn::getGap()
 .text._ZNK6nRF5xn6getGapEv
                0x0000000000025d8a        0x4 ym/ble-nrf51822/source/ble-nrf51822.a(nRF5xn.cpp.o)
                0x0000000000025d8a                nRF5xn::getGap() const
 .text._ZN6nRF5xn12waitForEventEv
                0x0000000000025d8e        0x8 ym/ble-nrf51822/source/ble-nrf51822.a(nRF5xn.cpp.o)
                0x0000000000025d8e                nRF5xn::waitForEvent()
 .text._ZN26FunctionPointerWithContextIPKN3Gap29AdvertisementCallbackParams_tEE14functioncallerEPKS4_S3_
                0x0000000000025d96        0xe ym/ble-nrf51822/source/ble-nrf51822.a(nRF5xn.cpp.o)
                0x0000000000025d96                FunctionPointerWithContext<Gap::AdvertisementCallbackParams_t const*>::functioncaller(FunctionPointerWithContext<Gap::AdvertisementCallbackParams_t const*> const*, Gap::AdvertisementCallbackParams_t const*)
 .text._ZN26FunctionPointerWithContextIbE14functioncallerEPKS0_b
                0x0000000000025da4        0xe ym/ble-nrf51822/source/ble-nrf51822.a(nRF5xn.cpp.o)
                0x0000000000025da4                FunctionPointerWithContext<bool>::functioncaller(FunctionPointerWithContext<bool> const*, bool)
 .text._ZN26FunctionPointerWithContextItE14functioncallerEPKS0_t
                0x0000000000025db2        0xe ym/ble-nrf51822/source/ble-nrf51822.a(nRF5xn.cpp.o)
                0x0000000000025db2                FunctionPointerWithContext<unsigned short>::functioncaller(FunctionPointerWithContext<unsigned short> const*, unsigned short)
 .text._ZN26FunctionPointerWithContextIPK17DiscoveredServiceE14functioncallerEPKS3_S2_
                0x0000000000025dc0        0xe ym/ble-nrf51822/source/ble-nrf51822.a(nRF5xn.cpp.o)
                0x0000000000025dc0                FunctionPointerWithContext<DiscoveredService const*>::functioncaller(FunctionPointerWithContext<DiscoveredService const*> const*, DiscoveredService const*)
 .text._ZN26FunctionPointerWithContextIPK24DiscoveredCharacteristicE14functioncallerEPKS3_S2_
                0x0000000000025dce        0xe ym/ble-nrf51822/source/ble-nrf51822.a(nRF5xn.cpp.o)
                0x0000000000025dce                FunctionPointerWithContext<DiscoveredCharacteristic const*>::functioncaller(FunctionPointerWithContext<DiscoveredCharacteristic const*> const*, DiscoveredCharacteristic const*)
 .text._ZNK20nRF5xSecurityManager25getAddressesFromBondTableERN3Gap11Whitelist_tE
                0x0000000000025ddc       0x96 ym/ble-nrf51822/source/ble-nrf51822.a(nRF5xn.cpp.o)
                0x0000000000025ddc                nRF5xSecurityManager::getAddressesFromBondTable(Gap::Whitelist_t&) const
 .text._ZN20nRF5xSecurityManager20purgeAllBondingStateEv
                0x0000000000025e72        0x8 ym/ble-nrf51822/source/ble-nrf51822.a(nRF5xn.cpp.o)
                0x0000000000025e72                nRF5xSecurityManager::purgeAllBondingState()
 .text._ZN20nRF5xSecurityManager15setLinkSecurityEtN15SecurityManager14SecurityMode_tE
                0x0000000000025e7a        0xc ym/ble-nrf51822/source/ble-nrf51822.a(nRF5xn.cpp.o)
                0x0000000000025e7a                nRF5xSecurityManager::setLinkSecurity(unsigned short, SecurityManager::SecurityMode_t)
 .text._ZN20nRF5xSecurityManager15getLinkSecurityEtPN15SecurityManager20LinkSecurityStatus_tE
                0x0000000000025e86        0xc ym/ble-nrf51822/source/ble-nrf51822.a(nRF5xn.cpp.o)
                0x0000000000025e86                nRF5xSecurityManager::getLinkSecurity(unsigned short, SecurityManager::LinkSecurityStatus_t*)
 .text._ZN20nRF5xSecurityManager4initEbbN15SecurityManager24SecurityIOCapabilities_tEPKh
                0x0000000000025e92       0x10 ym/ble-nrf51822/source/ble-nrf51822.a(nRF5xn.cpp.o)
                0x0000000000025e92                nRF5xSecurityManager::init(bool, bool, SecurityManager::SecurityIOCapabilities_t, unsigned char const*)
 .text._ZN38CallChainOfFunctionPointersWithContextIPK21GattHVXCallbackParamsE5clearEv.isra.26
                0x0000000000025ea2       0x18 ym/ble-nrf51822/source/ble-nrf51822.a(nRF5xn.cpp.o)
 .text._ZN38CallChainOfFunctionPointersWithContextIPK10GattClientED0Ev
                0x0000000000025eba       0x12 ym/ble-nrf51822/source/ble-nrf51822.a(nRF5xn.cpp.o)
                0x0000000000025eba                CallChainOfFunctionPointersWithContext<GattClient const*>::~CallChainOfFunctionPointersWithContext()
 .text._ZN38CallChainOfFunctionPointersWithContextIPK22GattReadCallbackParamsED0Ev
                0x0000000000025ecc       0x12 ym/ble-nrf51822/source/ble-nrf51822.a(nRF5xn.cpp.o)
                0x0000000000025ecc                CallChainOfFunctionPointersWithContext<GattReadCallbackParams const*>::~CallChainOfFunctionPointersWithContext()
 .text._ZN38CallChainOfFunctionPointersWithContextIPK23GattWriteCallbackParamsED0Ev
                0x0000000000025ede       0x12 ym/ble-nrf51822/source/ble-nrf51822.a(nRF5xn.cpp.o)
                0x0000000000025ede                CallChainOfFunctionPointersWithContext<GattWriteCallbackParams const*>::~CallChainOfFunctionPointersWithContext()
 .text._ZN38CallChainOfFunctionPointersWithContextIjED0Ev
                0x0000000000025ef0       0x12 ym/ble-nrf51822/source/ble-nrf51822.a(nRF5xn.cpp.o)
                0x0000000000025ef0                CallChainOfFunctionPointersWithContext<unsigned int>::~CallChainOfFunctionPointersWithContext()
 .text._ZN38CallChainOfFunctionPointersWithContextIPK10GattServerED0Ev
                0x0000000000025f02       0x12 ym/ble-nrf51822/source/ble-nrf51822.a(nRF5xn.cpp.o)
                0x0000000000025f02                CallChainOfFunctionPointersWithContext<GattServer const*>::~CallChainOfFunctionPointersWithContext()
 .text._ZN38CallChainOfFunctionPointersWithContextIPK15SecurityManagerED0Ev
                0x0000000000025f14       0x12 ym/ble-nrf51822/source/ble-nrf51822.a(nRF5xn.cpp.o)
                0x0000000000025f14                CallChainOfFunctionPointersWithContext<SecurityManager const*>::~CallChainOfFunctionPointersWithContext()
 .text._ZN15SecurityManager5resetEv
                0x0000000000025f26       0x36 ym/ble-nrf51822/source/ble-nrf51822.a(nRF5xn.cpp.o)
                0x0000000000025f26                SecurityManager::reset()
 .text._ZN20nRF5xSecurityManager5resetEv
                0x0000000000025f5c        0xe ym/ble-nrf51822/source/ble-nrf51822.a(nRF5xn.cpp.o)
                0x0000000000025f5c                nRF5xSecurityManager::reset()
 .text._ZN38CallChainOfFunctionPointersWithContextIPKN3Gap29DisconnectionCallbackParams_tEED0Ev
                0x0000000000025f6a       0x12 ym/ble-nrf51822/source/ble-nrf51822.a(nRF5xn.cpp.o)
                0x0000000000025f6a                CallChainOfFunctionPointersWithContext<Gap::DisconnectionCallbackParams_t const*>::~CallChainOfFunctionPointersWithContext()
 .text._ZN38CallChainOfFunctionPointersWithContextIPKN3Gap26ConnectionCallbackParams_tEED0Ev
                0x0000000000025f7c       0x12 ym/ble-nrf51822/source/ble-nrf51822.a(nRF5xn.cpp.o)
                0x0000000000025f7c                CallChainOfFunctionPointersWithContext<Gap::ConnectionCallbackParams_t const*>::~CallChainOfFunctionPointersWithContext()
 .text._ZN38CallChainOfFunctionPointersWithContextIN3Gap15TimeoutSource_tEED0Ev
                0x0000000000025f8e       0x12 ym/ble-nrf51822/source/ble-nrf51822.a(nRF5xn.cpp.o)
                0x0000000000025f8e                CallChainOfFunctionPointersWithContext<Gap::TimeoutSource_t>::~CallChainOfFunctionPointersWithContext()
 .text._ZN38CallChainOfFunctionPointersWithContextIPK3GapED0Ev
                0x0000000000025fa0       0x12 ym/ble-nrf51822/source/ble-nrf51822.a(nRF5xn.cpp.o)
                0x0000000000025fa0                CallChainOfFunctionPointersWithContext<Gap const*>::~CallChainOfFunctionPointersWithContext()
 .text._ZN38CallChainOfFunctionPointersWithContextIPK21GattHVXCallbackParamsED0Ev
                0x0000000000025fb2       0x12 ym/ble-nrf51822/source/ble-nrf51822.a(nRF5xn.cpp.o)
                0x0000000000025fb2                CallChainOfFunctionPointersWithContext<GattHVXCallbackParams const*>::~CallChainOfFunctionPointersWithContext()
 .text._ZN6nRF5xn8shutdownEv
                0x0000000000025fc4       0x60 ym/ble-nrf51822/source/ble-nrf51822.a(nRF5xn.cpp.o)
                0x0000000000025fc4                nRF5xn::shutdown()
 .text._ZN6nRF5xn4initEj26FunctionPointerWithContextIPN3BLE37InitializationCompleteCallbackContextEE
                0x0000000000026024       0x4e ym/ble-nrf51822/source/ble-nrf51822.a(nRF5xn.cpp.o)
                0x0000000000026024                nRF5xn::init(unsigned int, FunctionPointerWithContext<BLE::InitializationCompleteCallbackContext*>)
 .text._ZN6nRF5xnD0Ev
                0x0000000000026072       0x12 ym/ble-nrf51822/source/ble-nrf51822.a(nRF5xn.cpp.o)
                0x0000000000026072                nRF5xn::~nRF5xn()
 .text._ZN4mbed6TickerD0Ev
                0x0000000000026084       0x12 ym/ble-nrf51822/source/ble-nrf51822.a(nRF5xn.cpp.o)
                0x0000000000026084                mbed::Ticker::~Ticker()
 .text._ZN18GapAdvertisingData5clearEv
                0x0000000000026096       0x12 ym/ble-nrf51822/source/ble-nrf51822.a(nRF5xn.cpp.o)
                0x0000000000026096                GapAdvertisingData::clear()
 .text._ZN4UUIDC2Et
                0x00000000000260a8       0x18 ym/ble-nrf51822/source/ble-nrf51822.a(nRF5xn.cpp.o)
                0x00000000000260a8                UUID::UUID(unsigned short)
                0x00000000000260a8                UUID::UUID(unsigned short)
 .text._ZN24DiscoveredCharacteristicC2Ev
                0x00000000000260c0       0x1c ym/ble-nrf51822/source/ble-nrf51822.a(nRF5xn.cpp.o)
                0x00000000000260c0                DiscoveredCharacteristic::DiscoveredCharacteristic()
                0x00000000000260c0                DiscoveredCharacteristic::DiscoveredCharacteristic()
 .text._ZN21nRF5xServiceDiscovery25terminateServiceDiscoveryEv
                0x00000000000260dc       0x52 ym/ble-nrf51822/source/ble-nrf51822.a(nRF5xn.cpp.o)
                0x00000000000260dc                nRF5xServiceDiscovery::terminateServiceDiscovery()
 .text._ZN21nRF5xServiceDiscovery9terminateEv
                0x000000000002612e        0x8 ym/ble-nrf51822/source/ble-nrf51822.a(nRF5xn.cpp.o)
                0x000000000002612e                nRF5xServiceDiscovery::terminate()
 .text._ZNK6nRF5xn13getGattServerEv
                0x0000000000026136       0x20 ym/ble-nrf51822/source/ble-nrf51822.a(nRF5xn.cpp.o)
                0x0000000000026136                nRF5xn::getGattServer() const
 .text._ZN6nRF5xn13getGattServerEv
                0x0000000000026156       0x20 ym/ble-nrf51822/source/ble-nrf51822.a(nRF5xn.cpp.o)
                0x0000000000026156                nRF5xn::getGattServer()
 .text._ZN26FunctionPointerWithContextItEaSERKS0_
                0x0000000000026176       0x14 ym/ble-nrf51822/source/ble-nrf51822.a(nRF5xn.cpp.o)